#0011 t=81.4 boot=4 [HB] event=HEARTBEAT grams=5.0 quality=GOOD sigma=3.38 uptime=81.4 heap_max_block=114676
#0011 t=81.4 boot=4 [HB] event=HEARTBEAT grams=5.0 quality=GOOD sigma=3.38 uptime=81.4 heap_max_block=114676
#0011 t=81.4 boot=4 [HB] event=HEARTBEAT grams=5.0 quality=GOOD sigma=3.38 uptime=81.4 heap_max_block=114676
#0012 t=111.7 boot=4 [HB] event=HEARTBEAT grams=27.3 quality=GOOD sigma=3.38 uptime=111.7 heap_max_block=114676
#0012 t=111.7 boot=4 [HB] event=HEARTBEAT grams=27.3 quality=GOOD sigma=3.38 uptime=111.7 heap_max_block=114676
#0012 t=111.7 boot=4 [HB] event=HEARTBEAT grams=27.3 quality=GOOD sigma=3.38 uptime=111.7 heap_max_block=114676
#0013 t=141.8 boot=4 [HB] event=HEARTBEAT grams=0.0 quality=GOOD sigma=3.38 uptime=141.8 heap_max_block=114676
#0013 t=141.8 boot=4 [HB] event=HEARTBEAT grams=0.0 quality=GOOD sigma=3.38 uptime=141.8 heap_max_block=114676
#0013 t=141.8 boot=4 [HB] event=HEARTBEAT grams=0.0 quality=GOOD sigma=3.38 uptime=141.8 heap_max_block=114676
#0001 t=0.4 boot=5 [BOOT] event=START fw=1.0 reset=POWERON
#0001 t=0.4 boot=5 [BOOT] event=START fw=1.0 reset=POWERON
#0001 t=0.4 boot=5 [BOOT] event=START fw=1.0 reset=POWERON
#0002 t=2.3 boot=5 [BOOT] event=PHASE_COMPLETE phase=SETTLE result=OK s=2.1
#0002 t=2.3 boot=5 [BOOT] event=PHASE_COMPLETE phase=SETTLE result=OK s=2.1
#0002 t=2.3 boot=5 [BOOT] event=PHASE_COMPLETE phase=SETTLE result=OK s=2.1
#0003 t=5.8 boot=5 [BOOT] event=PHASE_COMPLETE phase=TARE_WAIT result=CMD_TARE
#0003 t=5.8 boot=5 [BOOT] event=PHASE_COMPLETE phase=TARE_WAIT result=CMD_TARE
#0003 t=5.8 boot=5 [BOOT] event=PHASE_COMPLETE phase=TARE_WAIT result=CMD_TARE
#0004 t=27.2 boot=5 [BOOT] event=TARE_CHECK result=NO_REF delta=0.0g
#0004 t=27.2 boot=5 [BOOT] event=TARE_CHECK result=NO_REF delta=0.0g
#0004 t=27.2 boot=5 [BOOT] event=TARE_CHECK result=NO_REF delta=0.0g
#0005 t=27.3 boot=5 [BOOT] event=PHASE_COMPLETE phase=TARE result=OK mean=-67181.1 spread=0.0 s=21.4
#0005 t=27.3 boot=5 [BOOT] event=PHASE_COMPLETE phase=TARE result=OK mean=-67181.1 spread=0.0 s=21.4
#0005 t=27.3 boot=5 [BOOT] event=PHASE_COMPLETE phase=TARE result=OK mean=-67181.1 spread=0.0 s=21.4
#0006 t=47.5 boot=5 [BOOT] event=PHASE_COMPLETE phase=NOISE result=OK s=20.1
#0006 t=47.5 boot=5 [BOOT] event=PHASE_COMPLETE phase=NOISE result=OK s=20.1
#0006 t=47.5 boot=5 [BOOT] event=PHASE_COMPLETE phase=NOISE result=OK s=20.1
#0007 t=47.6 boot=5 [BOOT] event=PHASE_COMPLETE phase=CAL result=OK cal_factor=36.2231 s=0.0
#0007 t=47.6 boot=5 [BOOT] event=PHASE_COMPLETE phase=CAL result=OK cal_factor=36.2231 s=0.0
#0007 t=47.6 boot=5 [BOOT] event=PHASE_COMPLETE phase=CAL result=OK cal_factor=36.2231 s=0.0
#0008 t=47.7 boot=5 [BOOT] event=BOOT_COMPLETE total_s=47.7 cal=36.2231 sigma=3.28 tare=-67181.1
#0008 t=47.7 boot=5 [BOOT] event=BOOT_COMPLETE total_s=47.7 cal=36.2231 sigma=3.28 tare=-67181.1
#0008 t=47.7 boot=5 [BOOT] event=BOOT_COMPLETE total_s=47.7 cal=36.2231 sigma=3.28 tare=-67181.1
#0009 t=47.8 boot=5 [RUN] event=QUALITY_CHANGE from=NONE to=GOOD grams=0.0 sigma=3.28 diagnosis=ok
#0009 t=47.8 boot=5 [RUN] event=QUALITY_CHANGE from=NONE to=GOOD grams=0.0 sigma=3.28 diagnosis=ok
#0009 t=47.8 boot=5 [RUN] event=QUALITY_CHANGE from=NONE to=GOOD grams=0.0 sigma=3.28 diagnosis=ok
#0010 t=47.9 boot=5 [HB] event=HEARTBEAT grams=0.0 quality=GOOD sigma=3.28 uptime=47.9 heap_max_block=114676
#0010 t=47.9 boot=5 [HB] event=HEARTBEAT grams=0.0 quality=GOOD sigma=3.28 uptime=47.9 heap_max_block=114676
#0010 t=47.9 boot=5 [HB] event=HEARTBEAT grams=0.0 quality=GOOD sigma=3.28 uptime=47.9 heap_max_block=114676
