#0064 t=1727.3 boot=62 [HB] event=HEARTBEAT grams=-0.2 quality=GOOD sigma=2.15 uptime=1727.3 heap_max_block=114676
#0065 t=1757.5 boot=62 [HB] event=HEARTBEAT grams=1.2 quality=GOOD sigma=2.15 uptime=1757.5 heap_max_block=114676
#0066 t=1787.5 boot=62 [HB] event=HEARTBEAT grams=0.3 quality=GOOD sigma=2.15 uptime=1787.5 heap_max_block=114676
#0067 t=1809.2 boot=62 [RUN] event=WEIGHT_EVENT type=PLACED grams=17.5 prev=6.4 delta=17.3
#0068 t=1810.0 boot=62 [RUN] event=QUALITY_CHANGE from=GOOD to=DEGRADED grams=2189.2 sigma=2.15 diagnosis=jump:501g
#0069 t=1813.1 boot=62 [RUN] event=QUALITY_CHANGE from=DEGRADED to=GOOD grams=17832.5 sigma=2.15 diagnosis=ok
#0070 t=1817.6 boot=62 [HB] event=HEARTBEAT grams=20201.2 quality=GOOD sigma=2.15 uptime=1817.6 heap_max_block=114676
#0071 t=1847.7 boot=62 [HB] event=HEARTBEAT grams=20211.0 quality=GOOD sigma=2.15 uptime=1847.7 heap_max_block=114676
#0072 t=1877.7 boot=62 [HB] event=HEARTBEAT grams=20212.9 quality=GOOD sigma=2.15 uptime=1877.7 heap_max_block=114676
#0073 t=1907.8 boot=62 [HB] event=HEARTBEAT grams=20216.1 quality=GOOD sigma=2.15 uptime=1907.8 heap_max_block=114676
#0074 t=1937.8 boot=62 [HB] event=HEARTBEAT grams=20219.1 quality=GOOD sigma=2.15 uptime=1937.8 heap_max_block=114676
#0075 t=1967.9 boot=62 [HB] event=HEARTBEAT grams=20221.1 quality=GOOD sigma=2.15 uptime=1967.9 heap_max_block=114676
#0076 t=1997.9 boot=62 [HB] event=HEARTBEAT grams=20221.1 quality=GOOD sigma=2.15 uptime=1997.9 heap_max_block=114676
#0077 t=2028.0 boot=62 [HB] event=HEARTBEAT grams=20220.2 quality=GOOD sigma=2.15 uptime=2028.0 heap_max_block=114676
#0078 t=2058.0 boot=62 [HB] event=HEARTBEAT grams=20222.0 quality=GOOD sigma=2.15 uptime=2058.0 heap_max_block=114676
#0079 t=2088.1 boot=62 [HB] event=HEARTBEAT grams=20223.4 quality=GOOD sigma=2.15 uptime=2088.1 heap_max_block=114676
#0080 t=2118.1 boot=62 [HB] event=HEARTBEAT grams=20224.1 quality=GOOD sigma=2.15 uptime=2118.1 heap_max_block=114676
#0081 t=2148.2 boot=62 [HB] event=HEARTBEAT grams=20223.1 quality=GOOD sigma=2.15 uptime=2148.2 heap_max_block=114676
#0082 t=2178.2 boot=62 [HB] event=HEARTBEAT grams=20222.7 quality=GOOD sigma=2.15 uptime=2178.2 heap_max_block=114676
#0083 t=2208.3 boot=62 [HB] event=HEARTBEAT grams=20222.8 quality=GOOD sigma=2.15 uptime=2208.3 heap_max_block=114676
#0084 t=2238.3 boot=62 [HB] event=HEARTBEAT grams=20223.5 quality=GOOD sigma=2.15 uptime=2238.3 heap_max_block=114676
#0085 t=2268.4 boot=62 [HB] event=HEARTBEAT grams=20222.9 quality=GOOD sigma=2.15 uptime=2268.4 heap_max_block=114676
#0086 t=2298.5 boot=62 [HB] event=HEARTBEAT grams=20221.2 quality=GOOD sigma=2.15 uptime=2298.5 heap_max_block=114676
