#0128 t=3436.6 boot=4 [HB] event=HEARTBEAT grams=19994.3 quality=GOOD sigma=368.12 uptime=3436.6 heap_max_block=114676
#0128 t=3436.6 boot=4 [HB] event=HEARTBEAT grams=19994.3 quality=GOOD sigma=368.12 uptime=3436.6 heap_max_block=114676
#0129 t=3466.8 boot=4 [HB] event=HEARTBEAT grams=19997.4 quality=GOOD sigma=368.12 uptime=3466.8 heap_max_block=114676
#0129 t=3466.8 boot=4 [HB] event=HEARTBEAT grams=19997.4 quality=GOOD sigma=368.12 uptime=3466.8 heap_max_block=114676
#0001 t=0.3 boot=5 [BOOT] event=START fw=1.0 reset=POWERON
#0001 t=0.3 boot=5 [BOOT] event=START fw=1.0 reset=POWERON
#0002 t=2.3 boot=5 [BOOT] event=PHASE_COMPLETE phase=SETTLE result=OK s=2.1
#0002 t=2.3 boot=5 [BOOT] event=PHASE_COMPLETE phase=SETTLE result=OK s=2.1
#0003 t=5.6 boot=5 [BOOT] event=PHASE_COMPLETE phase=TARE_WAIT result=CMD_SKIP_TARE
#0003 t=5.6 boot=5 [BOOT] event=PHASE_COMPLETE phase=TARE_WAIT result=CMD_SKIP_TARE
#0004 t=5.7 boot=5 [BOOT] event=PHASE_COMPLETE phase=TARE result=OK mean=-64464.8 spread=0.0 s=0.0
#0004 t=5.7 boot=5 [BOOT] event=PHASE_COMPLETE phase=TARE result=OK mean=-64464.8 spread=0.0 s=0.0
#0005 t=25.8 boot=5 [BOOT] event=PHASE_COMPLETE phase=NOISE result=OK s=20.0
#0005 t=25.8 boot=5 [BOOT] event=PHASE_COMPLETE phase=NOISE result=OK s=20.0
#0006 t=25.9 boot=5 [BOOT] event=PHASE_COMPLETE phase=CAL result=OK cal_factor=36.2231 s=0.1
#0006 t=25.9 boot=5 [BOOT] event=PHASE_COMPLETE phase=CAL result=OK cal_factor=36.2231 s=0.1
#0007 t=25.9 boot=5 [BOOT] event=BOOT_COMPLETE total_s=25.9 cal=36.2231 sigma=1.81 tare=-64464.8
#0007 t=25.9 boot=5 [BOOT] event=BOOT_COMPLETE total_s=25.9 cal=36.2231 sigma=1.81 tare=-64464.8
#0008 t=26.0 boot=5 [RUN] event=QUALITY_CHANGE from=NONE to=GOOD grams=0.0 sigma=1.81 diagnosis=ok
#0008 t=26.0 boot=5 [RUN] event=QUALITY_CHANGE from=NONE to=GOOD grams=0.0 sigma=1.81 diagnosis=ok
