#0010 t=41.5 boot=8 [RUN] event=QUALITY_CHANGE from=GOOD to=DEGRADED grams=3232.2 sigma=5.86 diagnosis=jump:3232g
#0010 t=41.5 boot=8 [RUN] event=QUALITY_CHANGE from=GOOD to=DEGRADED grams=3232.2 sigma=5.86 diagnosis=jump:3232g
#0011 t=42.2 boot=8 [RUN] event=QUALITY_CHANGE from=DEGRADED to=GOOD grams=3232.1 sigma=5.86 diagnosis=ok
#0011 t=42.2 boot=8 [RUN] event=QUALITY_CHANGE from=DEGRADED to=GOOD grams=3232.1 sigma=5.86 diagnosis=ok
#0012 t=60.7 boot=8 [RUN] event=WEIGHT_EVENT type=REMOVED grams=3205.8 prev=3220.5 delta=-27.2
#0012 t=60.7 boot=8 [RUN] event=WEIGHT_EVENT type=REMOVED grams=3205.8 prev=3220.5 delta=-27.2
#0013 t=66.3 boot=8 [RUN] event=WEIGHT_EVENT type=PLACED grams=2987.1 prev=2965.9 delta=29.8
#0013 t=66.3 boot=8 [RUN] event=WEIGHT_EVENT type=PLACED grams=2987.1 prev=2965.9 delta=29.8
#0014 t=67.8 boot=8 [HB] event=HEARTBEAT grams=3267.8 quality=GOOD sigma=5.86 uptime=67.8 heap_max_block=114676
#0014 t=67.8 boot=8 [HB] event=HEARTBEAT grams=3267.8 quality=GOOD sigma=5.86 uptime=67.8 heap_max_block=114676
#0015 t=80.9 boot=8 [RUN] event=WEIGHT_EVENT type=PLACED grams=3511.3 prev=3502.7 delta=26.4
#0015 t=80.9 boot=8 [RUN] event=WEIGHT_EVENT type=PLACED grams=3511.3 prev=3502.7 delta=26.4
#0016 t=98.0 boot=8 [HB] event=HEARTBEAT grams=4188.4 quality=GOOD sigma=5.86 uptime=98.0 heap_max_block=114676
#0016 t=98.0 boot=8 [HB] event=HEARTBEAT grams=4188.4 quality=GOOD sigma=5.86 uptime=98.0 heap_max_block=114676
#0017 t=104.5 boot=8 [RUN] event=WEIGHT_EVENT type=REMOVED grams=4149.8 prev=4164.3 delta=-32.4
#0017 t=104.5 boot=8 [RUN] event=WEIGHT_EVENT type=REMOVED grams=4149.8 prev=4164.3 delta=-32.4
#0018 t=113.6 boot=8 [RUN] event=WEIGHT_EVENT type=PLACED grams=3521.6 prev=3520.0 delta=24.5
#0018 t=113.6 boot=8 [RUN] event=WEIGHT_EVENT type=PLACED grams=3521.6 prev=3520.0 delta=24.5
#0019 t=128.1 boot=8 [HB] event=HEARTBEAT grams=4213.4 quality=GOOD sigma=5.86 uptime=128.1 heap_max_block=114676
#0019 t=128.1 boot=8 [HB] event=HEARTBEAT grams=4213.4 quality=GOOD sigma=5.86 uptime=128.1 heap_max_block=114676
#0020 t=158.4 boot=8 [HB] event=HEARTBEAT grams=4209.7 quality=GOOD sigma=5.86 uptime=158.4 heap_max_block=114676
#0020 t=158.4 boot=8 [HB] event=HEARTBEAT grams=4209.7 quality=GOOD sigma=5.86 uptime=158.4 heap_max_block=114676
#0021 t=188.6 boot=8 [HB] event=HEARTBEAT grams=4207.2 quality=GOOD sigma=5.86 uptime=188.6 heap_max_block=114676
#0021 t=188.6 boot=8 [HB] event=HEARTBEAT grams=4207.2 quality=GOOD sigma=5.86 uptime=188.6 heap_max_block=114676
#0022 t=218.8 boot=8 [HB] event=HEARTBEAT grams=4206.3 quality=GOOD sigma=5.86 uptime=218.8 heap_max_block=114676
#0022 t=218.8 boot=8 [HB] event=HEARTBEAT grams=4206.3 quality=GOOD sigma=5.86 uptime=218.8 heap_max_block=114676
#0023 t=249.0 boot=8 [HB] event=HEARTBEAT grams=4202.9 quality=GOOD sigma=5.86 uptime=249.0 heap_max_block=114676
#0023 t=249.0 boot=8 [HB] event=HEARTBEAT grams=4202.9 quality=GOOD sigma=5.86 uptime=249.0 heap_max_block=114676
#0024 t=279.2 boot=8 [HB] event=HEARTBEAT grams=4203.1 quality=GOOD sigma=5.86 uptime=279.2 heap_max_block=114676
#0024 t=279.2 boot=8 [HB] event=HEARTBEAT grams=4203.1 quality=GOOD sigma=5.86 uptime=279.2 heap_max_block=114676
#0025 t=309.4 boot=8 [HB] event=HEARTBEAT grams=4207.9 quality=GOOD sigma=5.86 uptime=309.4 heap_max_block=114676
#0025 t=309.4 boot=8 [HB] event=HEARTBEAT grams=4207.9 quality=GOOD sigma=5.86 uptime=309.4 heap_max_block=114676
#0026 t=331.9 boot=8 [RUN] event=WEIGHT_EVENT type=REMOVED grams=4184.6 prev=4199.5 delta=-29.6
#0026 t=331.9 boot=8 [RUN] event=WEIGHT_EVENT type=REMOVED grams=4184.6 prev=4199.5 delta=-29.6
#0027 t=339.6 boot=8 [HB] event=HEARTBEAT grams=3533.3 quality=GOOD sigma=5.86 uptime=339.6 heap_max_block=114676
#0027 t=339.6 boot=8 [HB] event=HEARTBEAT grams=3533.3 quality=GOOD sigma=5.86 uptime=339.6 heap_max_block=114676
#0028 t=343.5 boot=8 [RUN] event=WEIGHT_EVENT type=PLACED grams=3559.6 prev=3553.3 delta=26.2
#0028 t=343.5 boot=8 [RUN] event=WEIGHT_EVENT type=PLACED grams=3559.6 prev=3553.3 delta=26.2
#0029 t=354.3 boot=8 [RUN] event=WEIGHT_EVENT type=REMOVED grams=4372.6 prev=4375.1 delta=-24.5
#0029 t=354.3 boot=8 [RUN] event=WEIGHT_EVENT type=REMOVED grams=4372.6 prev=4375.1 delta=-24.5
#0030 t=369.8 boot=8 [HB] event=HEARTBEAT grams=4381.8 quality=GOOD sigma=5.86 uptime=369.8 heap_max_block=114676
#0030 t=369.8 boot=8 [HB] event=HEARTBEAT grams=4381.8 quality=GOOD sigma=5.86 uptime=369.8 heap_max_block=114676
#0031 t=399.1 boot=8 [RUN] event=WEIGHT_EVENT type=PLACED grams=4402.8 prev=4396.8 delta=29.0
#0031 t=399.1 boot=8 [RUN] event=WEIGHT_EVENT type=PLACED grams=4402.8 prev=4396.8 delta=29.0
#0032 t=400.0 boot=8 [HB] event=HEARTBEAT grams=4491.4 quality=GOOD sigma=5.86 uptime=400.0 heap_max_block=114676
#0032 t=400.0 boot=8 [HB] event=HEARTBEAT grams=4491.4 quality=GOOD sigma=5.86 uptime=400.0 heap_max_block=114676
#0033 t=411.9 boot=8 [RUN] event=WEIGHT_EVENT type=PLACED grams=5226.7 prev=5222.3 delta=24.0
#0033 t=411.9 boot=8 [RUN] event=WEIGHT_EVENT type=PLACED grams=5226.7 prev=5222.3 delta=24.0
#0034 t=424.2 boot=8 [RUN] event=WEIGHT_EVENT type=REMOVED grams=6063.1 prev=6066.5 delta=-23.6
#0034 t=424.2 boot=8 [RUN] event=WEIGHT_EVENT type=REMOVED grams=6063.1 prev=6066.5 delta=-23.6
#0035 t=430.0 boot=8 [HB] event=HEARTBEAT grams=6052.5 quality=GOOD sigma=5.86 uptime=430.0 heap_max_block=114676
#0035 t=430.0 boot=8 [HB] event=HEARTBEAT grams=6052.5 quality=GOOD sigma=5.86 uptime=430.0 heap_max_block=114676
#0036 t=432.7 boot=8 [RUN] event=WEIGHT_EVENT type=PLACED grams=6081.0 prev=6074.7 delta=28.1
#0036 t=432.7 boot=8 [RUN] event=WEIGHT_EVENT type=PLACED grams=6081.0 prev=6074.7 delta=28.1
#0037 t=460.2 boot=8 [HB] event=HEARTBEAT grams=9081.1 quality=GOOD sigma=5.86 uptime=460.2 heap_max_block=114676
#0037 t=460.2 boot=8 [HB] event=HEARTBEAT grams=9081.1 quality=GOOD sigma=5.86 uptime=460.2 heap_max_block=114676
#0038 t=482.9 boot=8 [RUN] event=WEIGHT_EVENT type=PLACED grams=10270.2 prev=10264.7 delta=27.3
#0038 t=482.9 boot=8 [RUN] event=WEIGHT_EVENT type=PLACED grams=10270.2 prev=10264.7 delta=27.3
#0039 t=490.4 boot=8 [HB] event=HEARTBEAT grams=11563.6 quality=GOOD sigma=5.86 uptime=490.4 heap_max_block=114676
#0039 t=490.4 boot=8 [HB] event=HEARTBEAT grams=11563.6 quality=GOOD sigma=5.86 uptime=490.4 heap_max_block=114676
#0040 t=494.4 boot=8 [RUN] event=WEIGHT_EVENT type=REMOVED grams=11532.9 prev=11544.3 delta=-30.8
#0040 t=494.4 boot=8 [RUN] event=WEIGHT_EVENT type=REMOVED grams=11532.9 prev=11544.3 delta=-30.8
#0041 t=499.8 boot=8 [RUN] event=WEIGHT_EVENT type=PLACED grams=11293.1 prev=11276.9 delta=23.8
#0041 t=499.8 boot=8 [RUN] event=WEIGHT_EVENT type=PLACED grams=11293.1 prev=11276.9 delta=23.8
#0042 t=504.6 boot=8 [RUN] event=WEIGHT_EVENT type=REMOVED grams=11498.4 prev=11515.1 delta=-28.3
#0042 t=504.6 boot=8 [RUN] event=WEIGHT_EVENT type=REMOVED grams=11498.4 prev=11515.1 delta=-28.3
#0043 t=520.6 boot=8 [HB] event=HEARTBEAT grams=8682.7 quality=GOOD sigma=5.86 uptime=520.6 heap_max_block=114676
#0043 t=520.6 boot=8 [HB] event=HEARTBEAT grams=8682.7 quality=GOOD sigma=5.86 uptime=520.6 heap_max_block=114676
#0044 t=522.1 boot=8 [RUN] event=WEIGHT_EVENT type=PLACED grams=8764.1 prev=8749.2 delta=43.3
#0044 t=522.1 boot=8 [RUN] event=WEIGHT_EVENT type=PLACED grams=8764.1 prev=8749.2 delta=43.3
#0045 t=523.8 boot=8 [RUN] event=WEIGHT_EVENT type=REMOVED grams=8575.2 prev=8601.0 delta=-81.8
#0045 t=523.8 boot=8 [RUN] event=WEIGHT_EVENT type=REMOVED grams=8575.2 prev=8601.0 delta=-81.8
#0046 t=524.7 boot=8 [RUN] event=WEIGHT_EVENT type=PLACED grams=8703.0 prev=8679.7 delta=57.1
#0046 t=524.7 boot=8 [RUN] event=WEIGHT_EVENT type=PLACED grams=8703.0 prev=8679.7 delta=57.1
#0047 t=536.4 boot=8 [RUN] event=WEIGHT_EVENT type=REMOVED grams=9603.0 prev=9607.4 delta=-33.1
#0047 t=536.4 boot=8 [RUN] event=WEIGHT_EVENT type=REMOVED grams=9603.0 prev=9607.4 delta=-33.1
#0048 t=540.9 boot=8 [RUN] event=WEIGHT_EVENT type=PLACED grams=9617.9 prev=9611.1 delta=41.3
#0048 t=540.9 boot=8 [RUN] event=WEIGHT_EVENT type=PLACED grams=9617.9 prev=9611.1 delta=41.3
#0049 t=544.9 boot=8 [RUN] event=WEIGHT_EVENT type=REMOVED grams=9588.3 prev=9609.8 delta=-29.6
#0049 t=544.9 boot=8 [RUN] event=WEIGHT_EVENT type=REMOVED grams=9588.3 prev=9609.8 delta=-29.6
#0050 t=550.8 boot=8 [HB] event=HEARTBEAT grams=8420.5 quality=GOOD sigma=5.86 uptime=550.8 heap_max_block=114676
#0050 t=550.8 boot=8 [HB] event=HEARTBEAT grams=8420.5 quality=GOOD sigma=5.86 uptime=550.8 heap_max_block=114676
#0051 t=557.6 boot=8 [RUN] event=WEIGHT_EVENT type=REMOVED grams=9229.7 prev=9282.3 delta=-107.5
#0051 t=557.6 boot=8 [RUN] event=WEIGHT_EVENT type=REMOVED grams=9229.7 prev=9282.3 delta=-107.5
#0052 t=562.6 boot=8 [RUN] event=WEIGHT_EVENT type=REMOVED grams=9006.7 prev=9038.0 delta=-28.9
#0052 t=562.6 boot=8 [RUN] event=WEIGHT_EVENT type=REMOVED grams=9006.7 prev=9038.0 delta=-28.9
#0053 t=569.4 boot=8 [RUN] event=WEIGHT_EVENT type=PLACED grams=8400.2 prev=8398.4 delta=25.3
#0053 t=569.4 boot=8 [RUN] event=WEIGHT_EVENT type=PLACED grams=8400.2 prev=8398.4 delta=25.3
#0054 t=571.7 boot=8 [RUN] event=WEIGHT_EVENT type=REMOVED grams=8311.6 prev=8327.2 delta=-48.7
#0054 t=571.7 boot=8 [RUN] event=WEIGHT_EVENT type=REMOVED grams=8311.6 prev=8327.2 delta=-48.7
#0055 t=574.2 boot=8 [RUN] event=WEIGHT_EVENT type=PLACED grams=8438.8 prev=8423.6 delta=34.0
#0055 t=574.2 boot=8 [RUN] event=WEIGHT_EVENT type=PLACED grams=8438.8 prev=8423.6 delta=34.0
#0056 t=578.4 boot=8 [RUN] event=WEIGHT_EVENT type=REMOVED grams=8421.8 prev=8435.9 delta=-48.9
#0056 t=578.4 boot=8 [RUN] event=WEIGHT_EVENT type=REMOVED grams=8421.8 prev=8435.9 delta=-48.9
#0057 t=581.0 boot=8 [HB] event=HEARTBEAT grams=8092.9 quality=GOOD sigma=5.86 uptime=581.0 heap_max_block=114676
#0057 t=581.0 boot=8 [HB] event=HEARTBEAT grams=8092.9 quality=GOOD sigma=5.86 uptime=581.0 heap_max_block=114676
#0058 t=594.6 boot=8 [RUN] event=WEIGHT_EVENT type=PLACED grams=5185.9 prev=5178.8 delta=29.2
#0058 t=594.6 boot=8 [RUN] event=WEIGHT_EVENT type=PLACED grams=5185.9 prev=5178.8 delta=29.2
#0059 t=607.2 boot=8 [RUN] event=WEIGHT_EVENT type=REMOVED grams=7505.4 prev=7530.7 delta=-45.8
#0059 t=607.2 boot=8 [RUN] event=WEIGHT_EVENT type=REMOVED grams=7505.4 prev=7530.7 delta=-45.8
#0060 t=611.1 boot=8 [HB] event=HEARTBEAT grams=7539.9 quality=GOOD sigma=5.86 uptime=611.1 heap_max_block=114676
#0060 t=611.1 boot=8 [HB] event=HEARTBEAT grams=7539.9 quality=GOOD sigma=5.86 uptime=611.1 heap_max_block=114676
#0061 t=611.2 boot=8 [RUN] event=WEIGHT_EVENT type=PLACED grams=7543.1 prev=7539.9 delta=37.7
#0061 t=611.2 boot=8 [RUN] event=WEIGHT_EVENT type=PLACED grams=7543.1 prev=7539.9 delta=37.7
#0062 t=612.9 boot=8 [RUN] event=WEIGHT_EVENT type=REMOVED grams=7461.1 prev=7469.2 delta=-31.4
#0062 t=612.9 boot=8 [RUN] event=WEIGHT_EVENT type=REMOVED grams=7461.1 prev=7469.2 delta=-31.4
#0063 t=639.4 boot=8 [RUN] event=WEIGHT_EVENT type=PLACED grams=37.7 prev=21.9 delta=30.9
#0063 t=639.4 boot=8 [RUN] event=WEIGHT_EVENT type=PLACED grams=37.7 prev=21.9 delta=30.9
#0064 t=641.3 boot=8 [HB] event=HEARTBEAT grams=204.6 quality=GOOD sigma=5.86 uptime=641.3 heap_max_block=114676
#0064 t=641.3 boot=8 [HB] event=HEARTBEAT grams=204.6 quality=GOOD sigma=5.86 uptime=641.3 heap_max_block=114676
#0065 t=643.8 boot=8 [RUN] event=WEIGHT_EVENT type=REMOVED grams=77.7 prev=90.2 delta=-33.5
#0065 t=643.8 boot=8 [RUN] event=WEIGHT_EVENT type=REMOVED grams=77.7 prev=90.2 delta=-33.5
#0001 t=0.4 boot=1 [BOOT] event=START fw=1.0 reset=POWERON
#0001 t=0.4 boot=1 [BOOT] event=START fw=1.0 reset=POWERON
#0002 t=2.3 boot=1 [BOOT] event=PHASE_COMPLETE phase=SETTLE result=OK s=2.1
#0002 t=2.3 boot=1 [BOOT] event=PHASE_COMPLETE phase=SETTLE result=OK s=2.1
#0003 t=5.9 boot=1 [BOOT] event=PHASE_COMPLETE phase=TARE_WAIT result=CMD_TARE
#0003 t=5.9 boot=1 [BOOT] event=PHASE_COMPLETE phase=TARE_WAIT result=CMD_TARE
#0004 t=27.5 boot=1 [BOOT] event=TARE_CHECK result=NO_REF delta=0.0g
#0004 t=27.5 boot=1 [BOOT] event=TARE_CHECK result=NO_REF delta=0.0g
#0005 t=27.6 boot=1 [BOOT] event=PHASE_COMPLETE phase=TARE result=OK mean=-68843.0 spread=0.0 s=21.6
#0005 t=27.6 boot=1 [BOOT] event=PHASE_COMPLETE phase=TARE result=OK mean=-68843.0 spread=0.0 s=21.6
#0006 t=47.7 boot=1 [BOOT] event=PHASE_COMPLETE phase=NOISE result=WARN s=20.0
#0006 t=47.7 boot=1 [BOOT] event=PHASE_COMPLETE phase=NOISE result=WARN s=20.0
#0007 t=47.9 boot=1 [BOOT] event=PHASE_COMPLETE phase=CAL result=OK cal_factor=36.2231 s=0.0
#0007 t=47.9 boot=1 [BOOT] event=PHASE_COMPLETE phase=CAL result=OK cal_factor=36.2231 s=0.0
#0008 t=48.4 boot=1 [BOOT] event=BOOT_COMPLETE total_s=48.4 cal=36.2231 sigma=7538.43 tare=-68843.0
#0008 t=48.4 boot=1 [BOOT] event=BOOT_COMPLETE total_s=48.4 cal=36.2231 sigma=7538.43 tare=-68843.0
#0009 t=49.4 boot=1 [RUN] event=QUALITY_CHANGE from=NONE to=GOOD grams=0.0 sigma=7538.43 diagnosis=ok
#0009 t=49.4 boot=1 [RUN] event=QUALITY_CHANGE from=NONE to=GOOD grams=0.0 sigma=7538.43 diagnosis=ok
#0010 t=50.3 boot=1 [HB] event=HEARTBEAT grams=0.0 quality=GOOD sigma=7538.43 uptime=50.3 heap_max_block=114676
#0010 t=50.3 boot=1 [HB] event=HEARTBEAT grams=0.0 quality=GOOD sigma=7538.43 uptime=50.3 heap_max_block=114676
#0011 t=54.8 boot=1 [RUN] event=QUALITY_CHANGE from=GOOD to=DEGRADED grams=20226.2 sigma=7538.43 diagnosis=jump:20226g
#0011 t=54.8 boot=1 [RUN] event=QUALITY_CHANGE from=GOOD to=DEGRADED grams=20226.2 sigma=7538.43 diagnosis=jump:20226g
#0012 t=55.4 boot=1 [RUN] event=QUALITY_CHANGE from=DEGRADED to=GOOD grams=20227.6 sigma=7538.43 diagnosis=ok
#0012 t=55.4 boot=1 [RUN] event=QUALITY_CHANGE from=DEGRADED to=GOOD grams=20227.6 sigma=7538.43 diagnosis=ok
