#0011 t=78.1 boot=5 [HB] event=HEARTBEAT grams=0.5 quality=GOOD sigma=3.28 uptime=78.1 heap_max_block=114676
#0012 t=108.5 boot=5 [HB] event=HEARTBEAT grams=13.2 quality=GOOD sigma=3.28 uptime=108.5 heap_max_block=114676
#0013 t=111.8 boot=5 [RUN] event=WEIGHT_EVENT type=PLACED grams=39.2 prev=25.0 delta=26.1
#0014 t=138.6 boot=5 [HB] event=HEARTBEAT grams=13542.8 quality=GOOD sigma=3.28 uptime=138.6 heap_max_block=114676
#0015 t=168.7 boot=5 [HB] event=HEARTBEAT grams=13530.1 quality=GOOD sigma=3.28 uptime=168.7 heap_max_block=114676
#0016 t=198.7 boot=5 [HB] event=HEARTBEAT grams=13528.9 quality=GOOD sigma=3.28 uptime=198.7 heap_max_block=114676
#0017 t=228.9 boot=5 [HB] event=HEARTBEAT grams=13523.2 quality=GOOD sigma=3.28 uptime=228.9 heap_max_block=114676
#0018 t=240.0 boot=5 [RUN] event=WEIGHT_EVENT type=REMOVED grams=13511.7 prev=13513.1 delta=-13.3
#0019 t=245.2 boot=5 [RUN] event=WEIGHT_EVENT type=PLACED grams=13514.5 prev=13514.0 delta=13.3
#0020 t=259.1 boot=5 [HB] event=HEARTBEAT grams=13514.6 quality=GOOD sigma=3.28 uptime=259.1 heap_max_block=114676
#0021 t=286.5 boot=5 [RUN] event=WEIGHT_EVENT type=REMOVED grams=13496.6 prev=13504.4 delta=-17.2
#0022 t=289.3 boot=5 [HB] event=HEARTBEAT grams=13058.5 quality=GOOD sigma=3.28 uptime=289.3 heap_max_block=114676
#0023 t=300.0 boot=5 [RUN] event=WEIGHT_EVENT type=REMOVED grams=13578.9 prev=13583.3 delta=-18.2
#0024 t=305.2 boot=5 [RUN] event=WEIGHT_EVENT type=PLACED grams=13568.0 prev=13567.4 delta=13.5
#0025 t=307.6 boot=5 [RUN] event=WEIGHT_EVENT type=REMOVED grams=13532.8 prev=13535.5 delta=-15.4
#0026 t=314.1 boot=5 [RUN] event=WEIGHT_EVENT type=REMOVED grams=13443.5 prev=13446.7 delta=-14.0
#0027 t=319.4 boot=5 [HB] event=HEARTBEAT grams=13366.5 quality=GOOD sigma=3.28 uptime=319.4 heap_max_block=114676
#0028 t=320.8 boot=5 [RUN] event=WEIGHT_EVENT type=REMOVED grams=13334.0 prev=13336.8 delta=-13.4
#0029 t=349.7 boot=5 [HB] event=HEARTBEAT grams=12412.2 quality=GOOD sigma=3.28 uptime=349.7 heap_max_block=114676
#0030 t=357.0 boot=5 [RUN] event=WEIGHT_EVENT type=PLACED grams=12397.4 prev=12394.9 delta=13.9
#0031 t=361.7 boot=5 [RUN] event=WEIGHT_EVENT type=REMOVED grams=12380.9 prev=12383.6 delta=-16.5
#0032 t=365.6 boot=5 [RUN] event=WEIGHT_EVENT type=PLACED grams=12402.2 prev=12399.7 delta=14.2
#0033 t=371.5 boot=5 [RUN] event=WEIGHT_EVENT type=REMOVED grams=12534.6 prev=12546.3 delta=-27.7
#0034 t=378.9 boot=5 [RUN] event=WEIGHT_EVENT type=PLACED grams=12441.0 prev=12437.2 delta=22.2
#0035 t=380.7 boot=5 [HB] event=HEARTBEAT grams=12484.3 quality=GOOD sigma=3.28 uptime=380.7 heap_max_block=114676
#0036 t=386.8 boot=5 [RUN] event=WEIGHT_EVENT type=REMOVED grams=12505.2 prev=12511.2 delta=-19.0
#0037 t=411.1 boot=5 [HB] event=HEARTBEAT grams=11777.8 quality=GOOD sigma=3.28 uptime=411.1 heap_max_block=114676
#0038 t=441.3 boot=5 [HB] event=HEARTBEAT grams=11115.8 quality=GOOD sigma=3.28 uptime=441.3 heap_max_block=114676
#0039 t=462.8 boot=5 [RUN] event=WEIGHT_EVENT type=REMOVED grams=10347.8 prev=10365.7 delta=-24.5
#0040 t=471.3 boot=5 [HB] event=HEARTBEAT grams=-2.4 quality=GOOD sigma=3.28 uptime=471.3 heap_max_block=114676
#0041 t=502.3 boot=5 [HB] event=HEARTBEAT grams=0.7 quality=GOOD sigma=3.28 uptime=502.3 heap_max_block=114676
#0042 t=532.5 boot=5 [HB] event=HEARTBEAT grams=1.0 quality=GOOD sigma=3.28 uptime=532.5 heap_max_block=114676
#0043 t=562.8 boot=5 [HB] event=HEARTBEAT grams=12.3 quality=GOOD sigma=3.28 uptime=562.8 heap_max_block=114676
#0044 t=590.1 boot=5 [RUN] event=WEIGHT_EVENT type=PLACED grams=35.6 prev=29.3 delta=19.1
#0045 t=593.7 boot=5 [HB] event=HEARTBEAT grams=31.8 quality=GOOD sigma=3.28 uptime=593.7 heap_max_block=114676
#0046 t=595.1 boot=5 [RUN] event=WEIGHT_EVENT type=REMOVED grams=15.0 prev=23.4 delta=-14.3
#0047 t=624.5 boot=5 [HB] event=HEARTBEAT grams=31.1 quality=GOOD sigma=3.28 uptime=624.5 heap_max_block=114676
#0048 t=655.6 boot=5 [HB] event=HEARTBEAT grams=24.3 quality=GOOD sigma=3.28 uptime=655.6 heap_max_block=114676
#0049 t=685.9 boot=5 [HB] event=HEARTBEAT grams=21.9 quality=GOOD sigma=3.28 uptime=685.9 heap_max_block=114676
#0050 t=716.3 boot=5 [HB] event=HEARTBEAT grams=23.9 quality=GOOD sigma=3.28 uptime=716.3 heap_max_block=114676
#0051 t=746.8 boot=5 [HB] event=HEARTBEAT grams=34.7 quality=GOOD sigma=3.28 uptime=746.8 heap_max_block=114676
#0052 t=777.0 boot=5 [HB] event=HEARTBEAT grams=32.5 quality=GOOD sigma=3.28 uptime=777.0 heap_max_block=114676
#0053 t=807.6 boot=5 [HB] event=HEARTBEAT grams=35.8 quality=GOOD sigma=3.28 uptime=807.6 heap_max_block=114676
#0054 t=838.1 boot=5 [HB] event=HEARTBEAT grams=29.2 quality=GOOD sigma=3.28 uptime=838.1 heap_max_block=114676
#0055 t=862.4 boot=5 [RUN] event=WEIGHT_EVENT type=PLACED grams=34.8 prev=34.4 delta=13.5
#0056 t=868.5 boot=5 [HB] event=HEARTBEAT grams=31.9 quality=GOOD sigma=3.28 uptime=868.5 heap_max_block=114676
#0057 t=898.6 boot=5 [HB] event=HEARTBEAT grams=24.8 quality=GOOD sigma=3.28 uptime=898.6 heap_max_block=114676
#0058 t=929.5 boot=5 [HB] event=HEARTBEAT grams=14.8 quality=GOOD sigma=3.28 uptime=929.5 heap_max_block=114676
#0059 t=941.7 boot=5 [RUN] event=WEIGHT_EVENT type=PLACED grams=31.3 prev=16.9 delta=20.1
#0060 t=942.7 boot=5 [RUN] event=QUALITY_CHANGE from=GOOD to=DEGRADED grams=545.5 sigma=3.28 diagnosis=jump:514g
#0061 t=946.6 boot=5 [RUN] event=QUALITY_CHANGE from=DEGRADED to=GOOD grams=19715.2 sigma=3.28 diagnosis=ok
#0062 t=960.4 boot=5 [HB] event=HEARTBEAT grams=20217.7 quality=GOOD sigma=3.28 uptime=960.4 heap_max_block=114676
#0063 t=990.5 boot=5 [HB] event=HEARTBEAT grams=20221.5 quality=GOOD sigma=3.28 uptime=990.5 heap_max_block=114676
#0064 t=1021.0 boot=5 [HB] event=HEARTBEAT grams=20221.5 quality=GOOD sigma=3.28 uptime=1021.0 heap_max_block=114676
#0065 t=1051.1 boot=5 [HB] event=HEARTBEAT grams=20217.9 quality=GOOD sigma=3.28 uptime=1051.1 heap_max_block=114676
#0066 t=1081.5 boot=5 [HB] event=HEARTBEAT grams=20219.3 quality=GOOD sigma=3.28 uptime=1081.5 heap_max_block=114676
#0067 t=1112.2 boot=5 [HB] event=HEARTBEAT grams=20215.3 quality=GOOD sigma=3.28 uptime=1112.2 heap_max_block=114676
#0068 t=1142.9 boot=5 [HB] event=HEARTBEAT grams=20220.4 quality=GOOD sigma=3.28 uptime=1142.9 heap_max_block=114676
#0069 t=1173.2 boot=5 [HB] event=HEARTBEAT grams=20228.3 quality=GOOD sigma=3.28 uptime=1173.2 heap_max_block=114676
#0070 t=1203.7 boot=5 [HB] event=HEARTBEAT grams=20236.0 quality=GOOD sigma=3.28 uptime=1203.7 heap_max_block=114676
#0071 t=1234.0 boot=5 [HB] event=HEARTBEAT grams=20237.6 quality=GOOD sigma=3.28 uptime=1234.0 heap_max_block=114676
#0072 t=1264.2 boot=5 [HB] event=HEARTBEAT grams=20238.9 quality=GOOD sigma=3.28 uptime=1264.2 heap_max_block=114676
#0073 t=1294.4 boot=5 [HB] event=HEARTBEAT grams=20242.7 quality=GOOD sigma=3.28 uptime=1294.4 heap_max_block=114676
#0074 t=1324.5 boot=5 [HB] event=HEARTBEAT grams=20239.1 quality=GOOD sigma=3.28 uptime=1324.5 heap_max_block=114676
#0075 t=1355.5 boot=5 [HB] event=HEARTBEAT grams=20239.9 quality=GOOD sigma=3.28 uptime=1355.5 heap_max_block=114676
#0076 t=1385.7 boot=5 [HB] event=HEARTBEAT grams=20252.5 quality=GOOD sigma=3.28 uptime=1385.7 heap_max_block=114676
#0077 t=1415.9 boot=5 [HB] event=HEARTBEAT grams=20248.4 quality=GOOD sigma=3.28 uptime=1415.9 heap_max_block=114676
#0078 t=1446.7 boot=5 [HB] event=HEARTBEAT grams=20262.6 quality=GOOD sigma=3.28 uptime=1446.7 heap_max_block=114676
#0079 t=1477.0 boot=5 [HB] event=HEARTBEAT grams=20260.0 quality=GOOD sigma=3.28 uptime=1477.0 heap_max_block=114676
#0080 t=1507.5 boot=5 [HB] event=HEARTBEAT grams=20260.9 quality=GOOD sigma=3.28 uptime=1507.5 heap_max_block=114676
#0081 t=1537.7 boot=5 [HB] event=HEARTBEAT grams=20259.5 quality=GOOD sigma=3.28 uptime=1537.7 heap_max_block=114676
#0082 t=1568.3 boot=5 [HB] event=HEARTBEAT grams=20245.8 quality=GOOD sigma=3.28 uptime=1568.3 heap_max_block=114676
#0083 t=1598.6 boot=5 [HB] event=HEARTBEAT grams=20245.7 quality=GOOD sigma=3.28 uptime=1598.6 heap_max_block=114676
#0084 t=1629.2 boot=5 [HB] event=HEARTBEAT grams=20239.9 quality=GOOD sigma=3.28 uptime=1629.2 heap_max_block=114676
#0085 t=1659.4 boot=5 [HB] event=HEARTBEAT grams=20236.7 quality=GOOD sigma=3.28 uptime=1659.4 heap_max_block=114676
#0086 t=1689.7 boot=5 [HB] event=HEARTBEAT grams=20236.4 quality=GOOD sigma=3.28 uptime=1689.7 heap_max_block=114676
#0087 t=1719.9 boot=5 [HB] event=HEARTBEAT grams=20233.9 quality=GOOD sigma=3.28 uptime=1719.9 heap_max_block=114676
#0088 t=1750.1 boot=5 [HB] event=HEARTBEAT grams=20238.9 quality=GOOD sigma=3.28 uptime=1750.1 heap_max_block=114676
#0089 t=1780.3 boot=5 [HB] event=HEARTBEAT grams=20240.1 quality=GOOD sigma=3.28 uptime=1780.3 heap_max_block=114676
#0090 t=1810.6 boot=5 [HB] event=HEARTBEAT grams=20235.1 quality=GOOD sigma=3.28 uptime=1810.6 heap_max_block=114676
#0091 t=1840.8 boot=5 [HB] event=HEARTBEAT grams=20231.5 quality=GOOD sigma=3.28 uptime=1840.8 heap_max_block=114676
#0092 t=1870.9 boot=5 [HB] event=HEARTBEAT grams=20243.5 quality=GOOD sigma=3.28 uptime=1870.9 heap_max_block=114676
#0093 t=1901.1 boot=5 [HB] event=HEARTBEAT grams=20240.9 quality=GOOD sigma=3.28 uptime=1901.1 heap_max_block=114676
#0094 t=1931.3 boot=5 [HB] event=HEARTBEAT grams=20249.8 quality=GOOD sigma=3.28 uptime=1931.3 heap_max_block=114676
#0095 t=1961.7 boot=5 [HB] event=HEARTBEAT grams=20253.6 quality=GOOD sigma=3.28 uptime=1961.7 heap_max_block=114676
#0096 t=1991.9 boot=5 [HB] event=HEARTBEAT grams=20253.4 quality=GOOD sigma=3.28 uptime=1991.9 heap_max_block=114676
#0097 t=2022.0 boot=5 [HB] event=HEARTBEAT grams=20262.3 quality=GOOD sigma=3.28 uptime=2022.0 heap_max_block=114676
#0098 t=2052.2 boot=5 [HB] event=HEARTBEAT grams=20259.4 quality=GOOD sigma=3.28 uptime=2052.2 heap_max_block=114676
#0099 t=2082.4 boot=5 [HB] event=HEARTBEAT grams=20256.3 quality=GOOD sigma=3.28 uptime=2082.4 heap_max_block=114676
#0100 t=2112.6 boot=5 [HB] event=HEARTBEAT grams=20264.9 quality=GOOD sigma=3.28 uptime=2112.6 heap_max_block=114676
#0101 t=2142.6 boot=5 [HB] event=HEARTBEAT grams=20256.7 quality=GOOD sigma=3.28 uptime=2142.6 heap_max_block=114676
#0102 t=2172.8 boot=5 [HB] event=HEARTBEAT grams=20265.7 quality=GOOD sigma=3.28 uptime=2172.8 heap_max_block=114676
#0103 t=2203.1 boot=5 [HB] event=HEARTBEAT grams=20266.8 quality=GOOD sigma=3.28 uptime=2203.1 heap_max_block=114676
#0104 t=2233.3 boot=5 [HB] event=HEARTBEAT grams=20262.2 quality=GOOD sigma=3.28 uptime=2233.3 heap_max_block=114676
#0105 t=2263.5 boot=5 [HB] event=HEARTBEAT grams=20270.6 quality=GOOD sigma=3.28 uptime=2263.5 heap_max_block=114676
#0106 t=2293.7 boot=5 [HB] event=HEARTBEAT grams=20275.7 quality=GOOD sigma=3.28 uptime=2293.7 heap_max_block=114676
#0107 t=2323.9 boot=5 [HB] event=HEARTBEAT grams=20263.2 quality=GOOD sigma=3.28 uptime=2323.9 heap_max_block=114676
#0108 t=2354.0 boot=5 [HB] event=HEARTBEAT grams=20261.2 quality=GOOD sigma=3.28 uptime=2354.0 heap_max_block=114676
#0109 t=2384.2 boot=5 [HB] event=HEARTBEAT grams=20245.3 quality=GOOD sigma=3.28 uptime=2384.2 heap_max_block=114676
#0110 t=2414.4 boot=5 [HB] event=HEARTBEAT grams=20239.9 quality=GOOD sigma=3.28 uptime=2414.4 heap_max_block=114676
#0111 t=2444.6 boot=5 [HB] event=HEARTBEAT grams=20242.1 quality=GOOD sigma=3.28 uptime=2444.6 heap_max_block=114676
#0112 t=2474.7 boot=5 [HB] event=HEARTBEAT grams=20244.2 quality=GOOD sigma=3.28 uptime=2474.7 heap_max_block=114676
#0113 t=2504.9 boot=5 [HB] event=HEARTBEAT grams=20237.0 quality=GOOD sigma=3.28 uptime=2504.9 heap_max_block=114676
#0114 t=2535.1 boot=5 [HB] event=HEARTBEAT grams=20242.8 quality=GOOD sigma=3.28 uptime=2535.1 heap_max_block=114676
#0115 t=2565.2 boot=5 [HB] event=HEARTBEAT grams=20240.0 quality=GOOD sigma=3.28 uptime=2565.2 heap_max_block=114676
#0116 t=2595.4 boot=5 [HB] event=HEARTBEAT grams=20235.1 quality=GOOD sigma=3.28 uptime=2595.4 heap_max_block=114676
#0117 t=2625.6 boot=5 [HB] event=HEARTBEAT grams=20234.4 quality=GOOD sigma=3.28 uptime=2625.6 heap_max_block=114676
#0118 t=2655.8 boot=5 [HB] event=HEARTBEAT grams=20245.3 quality=GOOD sigma=3.28 uptime=2655.8 heap_max_block=114676
#0119 t=2686.0 boot=5 [HB] event=HEARTBEAT grams=20247.3 quality=GOOD sigma=3.28 uptime=2686.0 heap_max_block=114676
#0120 t=2716.2 boot=5 [HB] event=HEARTBEAT grams=20253.0 quality=GOOD sigma=3.28 uptime=2716.2 heap_max_block=114676
#0121 t=2746.4 boot=5 [HB] event=HEARTBEAT grams=20249.2 quality=GOOD sigma=3.28 uptime=2746.4 heap_max_block=114676
#0122 t=2776.6 boot=5 [HB] event=HEARTBEAT grams=20262.7 quality=GOOD sigma=3.28 uptime=2776.6 heap_max_block=114676
#0123 t=2806.7 boot=5 [HB] event=HEARTBEAT grams=20263.2 quality=GOOD sigma=3.28 uptime=2806.7 heap_max_block=114676
#0124 t=2836.9 boot=5 [HB] event=HEARTBEAT grams=20263.9 quality=GOOD sigma=3.28 uptime=2836.9 heap_max_block=114676
#0125 t=2867.2 boot=5 [HB] event=HEARTBEAT grams=20260.6 quality=GOOD sigma=3.28 uptime=2867.2 heap_max_block=114676
#0126 t=2897.4 boot=5 [HB] event=HEARTBEAT grams=20261.9 quality=GOOD sigma=3.28 uptime=2897.4 heap_max_block=114676
#0127 t=2927.5 boot=5 [HB] event=HEARTBEAT grams=20259.3 quality=GOOD sigma=3.28 uptime=2927.5 heap_max_block=114676
#0128 t=2957.7 boot=5 [HB] event=HEARTBEAT grams=20257.4 quality=GOOD sigma=3.28 uptime=2957.7 heap_max_block=114676
#0129 t=2987.9 boot=5 [HB] event=HEARTBEAT grams=20246.7 quality=GOOD sigma=3.28 uptime=2987.9 heap_max_block=114676
#0130 t=3018.0 boot=5 [HB] event=HEARTBEAT grams=20242.4 quality=GOOD sigma=3.28 uptime=3018.0 heap_max_block=114676
#0131 t=3048.2 boot=5 [HB] event=HEARTBEAT grams=20242.0 quality=GOOD sigma=3.28 uptime=3048.2 heap_max_block=114676
#0132 t=3078.4 boot=5 [HB] event=HEARTBEAT grams=20246.9 quality=GOOD sigma=3.28 uptime=3078.4 heap_max_block=114676
#0133 t=3108.8 boot=5 [HB] event=HEARTBEAT grams=20247.6 quality=GOOD sigma=3.28 uptime=3108.8 heap_max_block=114676
#0134 t=3139.0 boot=5 [HB] event=HEARTBEAT grams=20245.1 quality=GOOD sigma=3.28 uptime=3139.0 heap_max_block=114676
#0135 t=3169.3 boot=5 [HB] event=HEARTBEAT grams=20241.2 quality=GOOD sigma=3.28 uptime=3169.3 heap_max_block=114676
#0136 t=3199.6 boot=5 [HB] event=HEARTBEAT grams=20246.4 quality=GOOD sigma=3.28 uptime=3199.6 heap_max_block=114676
#0137 t=3229.9 boot=5 [HB] event=HEARTBEAT grams=20231.5 quality=GOOD sigma=3.28 uptime=3229.9 heap_max_block=114676
#0138 t=3260.4 boot=5 [HB] event=HEARTBEAT grams=20247.9 quality=GOOD sigma=3.28 uptime=3260.4 heap_max_block=114676
#0139 t=3290.6 boot=5 [HB] event=HEARTBEAT grams=20248.6 quality=GOOD sigma=3.28 uptime=3290.6 heap_max_block=114676
#0140 t=3320.7 boot=5 [HB] event=HEARTBEAT grams=20248.1 quality=GOOD sigma=3.28 uptime=3320.7 heap_max_block=114676
#0141 t=3351.6 boot=5 [HB] event=HEARTBEAT grams=20263.2 quality=GOOD sigma=3.28 uptime=3351.6 heap_max_block=114676
#0142 t=3382.6 boot=5 [HB] event=HEARTBEAT grams=20267.1 quality=GOOD sigma=3.28 uptime=3382.6 heap_max_block=114676
#0143 t=3413.6 boot=5 [HB] event=HEARTBEAT grams=20270.1 quality=GOOD sigma=3.28 uptime=3413.6 heap_max_block=114676
#0144 t=3444.6 boot=5 [HB] event=HEARTBEAT grams=20268.9 quality=GOOD sigma=3.28 uptime=3444.6 heap_max_block=114676
#0145 t=3475.5 boot=5 [HB] event=HEARTBEAT grams=20272.5 quality=GOOD sigma=3.28 uptime=3475.5 heap_max_block=114676
#0146 t=3506.1 boot=5 [HB] event=HEARTBEAT grams=20273.7 quality=GOOD sigma=3.28 uptime=3506.1 heap_max_block=114676
#0147 t=3536.3 boot=5 [HB] event=HEARTBEAT grams=20276.8 quality=GOOD sigma=3.28 uptime=3536.3 heap_max_block=114676
