#0013 t=81.0 boot=1 [HB] event=HEARTBEAT grams=20274.1 quality=GOOD sigma=7538.43 uptime=81.0 heap_max_block=114676
#0013 t=81.0 boot=1 [HB] event=HEARTBEAT grams=20274.1 quality=GOOD sigma=7538.43 uptime=81.0 heap_max_block=114676
#0013 t=81.0 boot=1 [HB] event=HEARTBEAT grams=20274.1 quality=GOOD sigma=7538.43 uptime=81.0 heap_max_block=114676
#0013 t=81.0 boot=1 [HB] event=HEARTBEAT grams=20274.1 quality=GOOD sigma=7538.43 uptime=81.0 heap_max_block=114676
#0014 t=112.3 boot=1 [HB] event=HEARTBEAT grams=20274.7 quality=GOOD sigma=7538.43 uptime=112.3 heap_max_block=114676
#0014 t=112.3 boot=1 [HB] event=HEARTBEAT grams=20274.7 quality=GOOD sigma=7538.43 uptime=112.3 heap_max_block=114676
#0014 t=112.3 boot=1 [HB] event=HEARTBEAT grams=20274.7 quality=GOOD sigma=7538.43 uptime=112.3 heap_max_block=114676
#0014 t=112.3 boot=1 [HB] event=HEARTBEAT grams=20274.7 quality=GOOD sigma=7538.43 uptime=112.3 heap_max_block=114676
#0015 t=143.2 boot=1 [HB] event=HEARTBEAT grams=20304.7 quality=GOOD sigma=7538.43 uptime=143.2 heap_max_block=114676
#0015 t=143.2 boot=1 [HB] event=HEARTBEAT grams=20304.7 quality=GOOD sigma=7538.43 uptime=143.2 heap_max_block=114676
#0015 t=143.2 boot=1 [HB] event=HEARTBEAT grams=20304.7 quality=GOOD sigma=7538.43 uptime=143.2 heap_max_block=114676
#0015 t=143.2 boot=1 [HB] event=HEARTBEAT grams=20304.7 quality=GOOD sigma=7538.43 uptime=143.2 heap_max_block=114676
#0016 t=174.2 boot=1 [HB] event=HEARTBEAT grams=20306.9 quality=GOOD sigma=7538.43 uptime=174.2 heap_max_block=114676
#0016 t=174.2 boot=1 [HB] event=HEARTBEAT grams=20306.9 quality=GOOD sigma=7538.43 uptime=174.2 heap_max_block=114676
#0016 t=174.2 boot=1 [HB] event=HEARTBEAT grams=20306.9 quality=GOOD sigma=7538.43 uptime=174.2 heap_max_block=114676
#0016 t=174.2 boot=1 [HB] event=HEARTBEAT grams=20306.9 quality=GOOD sigma=7538.43 uptime=174.2 heap_max_block=114676
#0017 t=205.1 boot=1 [HB] event=HEARTBEAT grams=20314.1 quality=GOOD sigma=7538.43 uptime=205.1 heap_max_block=114676
#0017 t=205.1 boot=1 [HB] event=HEARTBEAT grams=20314.1 quality=GOOD sigma=7538.43 uptime=205.1 heap_max_block=114676
#0017 t=205.1 boot=1 [HB] event=HEARTBEAT grams=20314.1 quality=GOOD sigma=7538.43 uptime=205.1 heap_max_block=114676
#0017 t=205.1 boot=1 [HB] event=HEARTBEAT grams=20314.1 quality=GOOD sigma=7538.43 uptime=205.1 heap_max_block=114676
#0018 t=218.6 boot=1 [RUN] event=QUALITY_CHANGE from=GOOD to=DEGRADED grams=18487.8 sigma=7538.43 diagnosis=jump:506g
#0018 t=218.6 boot=1 [RUN] event=QUALITY_CHANGE from=GOOD to=DEGRADED grams=18487.8 sigma=7538.43 diagnosis=jump:506g
#0018 t=218.6 boot=1 [RUN] event=QUALITY_CHANGE from=GOOD to=DEGRADED grams=18487.8 sigma=7538.43 diagnosis=jump:506g
#0018 t=218.6 boot=1 [RUN] event=QUALITY_CHANGE from=GOOD to=DEGRADED grams=18487.8 sigma=7538.43 diagnosis=jump:506g
#0019 t=222.2 boot=1 [RUN] event=QUALITY_CHANGE from=DEGRADED to=GOOD grams=766.8 sigma=7538.43 diagnosis=ok
#0019 t=222.2 boot=1 [RUN] event=QUALITY_CHANGE from=DEGRADED to=GOOD grams=766.8 sigma=7538.43 diagnosis=ok
#0019 t=222.2 boot=1 [RUN] event=QUALITY_CHANGE from=DEGRADED to=GOOD grams=766.8 sigma=7538.43 diagnosis=ok
#0019 t=222.2 boot=1 [RUN] event=QUALITY_CHANGE from=DEGRADED to=GOOD grams=766.8 sigma=7538.43 diagnosis=ok
#0020 t=236.0 boot=1 [HB] event=HEARTBEAT grams=51.0 quality=GOOD sigma=7538.43 uptime=236.0 heap_max_block=114676
#0020 t=236.0 boot=1 [HB] event=HEARTBEAT grams=51.0 quality=GOOD sigma=7538.43 uptime=236.0 heap_max_block=114676
#0020 t=236.0 boot=1 [HB] event=HEARTBEAT grams=51.0 quality=GOOD sigma=7538.43 uptime=236.0 heap_max_block=114676
#0020 t=236.0 boot=1 [HB] event=HEARTBEAT grams=51.0 quality=GOOD sigma=7538.43 uptime=236.0 heap_max_block=114676
#0021 t=266.6 boot=1 [HB] event=HEARTBEAT grams=46.5 quality=GOOD sigma=7538.43 uptime=266.6 heap_max_block=114676
#0021 t=266.6 boot=1 [HB] event=HEARTBEAT grams=46.5 quality=GOOD sigma=7538.43 uptime=266.6 heap_max_block=114676
#0021 t=266.6 boot=1 [HB] event=HEARTBEAT grams=46.5 quality=GOOD sigma=7538.43 uptime=266.6 heap_max_block=114676
#0021 t=266.6 boot=1 [HB] event=HEARTBEAT grams=46.5 quality=GOOD sigma=7538.43 uptime=266.6 heap_max_block=114676
#0022 t=296.9 boot=1 [HB] event=HEARTBEAT grams=59.7 quality=GOOD sigma=7538.43 uptime=296.9 heap_max_block=114676
#0022 t=296.9 boot=1 [HB] event=HEARTBEAT grams=59.7 quality=GOOD sigma=7538.43 uptime=296.9 heap_max_block=114676
#0022 t=296.9 boot=1 [HB] event=HEARTBEAT grams=59.7 quality=GOOD sigma=7538.43 uptime=296.9 heap_max_block=114676
#0022 t=296.9 boot=1 [HB] event=HEARTBEAT grams=59.7 quality=GOOD sigma=7538.43 uptime=296.9 heap_max_block=114676
#0023 t=327.9 boot=1 [HB] event=HEARTBEAT grams=58.0 quality=GOOD sigma=7538.43 uptime=327.9 heap_max_block=114676
#0023 t=327.9 boot=1 [HB] event=HEARTBEAT grams=58.0 quality=GOOD sigma=7538.43 uptime=327.9 heap_max_block=114676
#0023 t=327.9 boot=1 [HB] event=HEARTBEAT grams=58.0 quality=GOOD sigma=7538.43 uptime=327.9 heap_max_block=114676
#0023 t=327.9 boot=1 [HB] event=HEARTBEAT grams=58.0 quality=GOOD sigma=7538.43 uptime=327.9 heap_max_block=114676
#0024 t=358.9 boot=1 [HB] event=HEARTBEAT grams=79.7 quality=GOOD sigma=7538.43 uptime=358.9 heap_max_block=114676
#0024 t=358.9 boot=1 [HB] event=HEARTBEAT grams=79.7 quality=GOOD sigma=7538.43 uptime=358.9 heap_max_block=114676
#0024 t=358.9 boot=1 [HB] event=HEARTBEAT grams=79.7 quality=GOOD sigma=7538.43 uptime=358.9 heap_max_block=114676
#0024 t=358.9 boot=1 [HB] event=HEARTBEAT grams=79.7 quality=GOOD sigma=7538.43 uptime=358.9 heap_max_block=114676
#0025 t=389.1 boot=1 [HB] event=HEARTBEAT grams=82.5 quality=GOOD sigma=7538.43 uptime=389.1 heap_max_block=114676
#0025 t=389.1 boot=1 [HB] event=HEARTBEAT grams=82.5 quality=GOOD sigma=7538.43 uptime=389.1 heap_max_block=114676
#0025 t=389.1 boot=1 [HB] event=HEARTBEAT grams=82.5 quality=GOOD sigma=7538.43 uptime=389.1 heap_max_block=114676
#0025 t=389.1 boot=1 [HB] event=HEARTBEAT grams=82.5 quality=GOOD sigma=7538.43 uptime=389.1 heap_max_block=114676
#0026 t=420.1 boot=1 [HB] event=HEARTBEAT grams=80.3 quality=GOOD sigma=7538.43 uptime=420.1 heap_max_block=114676
#0026 t=420.1 boot=1 [HB] event=HEARTBEAT grams=80.3 quality=GOOD sigma=7538.43 uptime=420.1 heap_max_block=114676
#0026 t=420.1 boot=1 [HB] event=HEARTBEAT grams=80.3 quality=GOOD sigma=7538.43 uptime=420.1 heap_max_block=114676
#0026 t=420.1 boot=1 [HB] event=HEARTBEAT grams=80.3 quality=GOOD sigma=7538.43 uptime=420.1 heap_max_block=114676
#0027 t=451.2 boot=1 [HB] event=HEARTBEAT grams=74.3 quality=GOOD sigma=7538.43 uptime=451.2 heap_max_block=114676
#0027 t=451.2 boot=1 [HB] event=HEARTBEAT grams=74.3 quality=GOOD sigma=7538.43 uptime=451.2 heap_max_block=114676
#0027 t=451.2 boot=1 [HB] event=HEARTBEAT grams=74.3 quality=GOOD sigma=7538.43 uptime=451.2 heap_max_block=114676
#0027 t=451.2 boot=1 [HB] event=HEARTBEAT grams=74.3 quality=GOOD sigma=7538.43 uptime=451.2 heap_max_block=114676
#0028 t=482.0 boot=1 [HB] event=HEARTBEAT grams=74.7 quality=GOOD sigma=7538.43 uptime=482.0 heap_max_block=114676
#0028 t=482.0 boot=1 [HB] event=HEARTBEAT grams=74.7 quality=GOOD sigma=7538.43 uptime=482.0 heap_max_block=114676
#0028 t=482.0 boot=1 [HB] event=HEARTBEAT grams=74.7 quality=GOOD sigma=7538.43 uptime=482.0 heap_max_block=114676
#0028 t=482.0 boot=1 [HB] event=HEARTBEAT grams=74.7 quality=GOOD sigma=7538.43 uptime=482.0 heap_max_block=114676
#0029 t=512.9 boot=1 [HB] event=HEARTBEAT grams=74.4 quality=GOOD sigma=7538.43 uptime=512.9 heap_max_block=114676
#0029 t=512.9 boot=1 [HB] event=HEARTBEAT grams=74.4 quality=GOOD sigma=7538.43 uptime=512.9 heap_max_block=114676
#0029 t=512.9 boot=1 [HB] event=HEARTBEAT grams=74.4 quality=GOOD sigma=7538.43 uptime=512.9 heap_max_block=114676
#0029 t=512.9 boot=1 [HB] event=HEARTBEAT grams=74.4 quality=GOOD sigma=7538.43 uptime=512.9 heap_max_block=114676
#0001 t=0.8 boot=2 [BOOT] event=START fw=1.0 reset=POWERON
#0001 t=0.8 boot=2 [BOOT] event=START fw=1.0 reset=POWERON
#0001 t=0.8 boot=2 [BOOT] event=START fw=1.0 reset=POWERON
#0001 t=0.8 boot=2 [BOOT] event=START fw=1.0 reset=POWERON
#0002 t=2.3 boot=2 [BOOT] event=PHASE_COMPLETE phase=SETTLE result=OK s=2.0
#0002 t=2.3 boot=2 [BOOT] event=PHASE_COMPLETE phase=SETTLE result=OK s=2.0
#0002 t=2.3 boot=2 [BOOT] event=PHASE_COMPLETE phase=SETTLE result=OK s=2.0
#0002 t=2.3 boot=2 [BOOT] event=PHASE_COMPLETE phase=SETTLE result=OK s=2.0
#0003 t=8.8 boot=2 [BOOT] event=PHASE_COMPLETE phase=TARE_WAIT result=CMD_TARE
#0003 t=8.8 boot=2 [BOOT] event=PHASE_COMPLETE phase=TARE_WAIT result=CMD_TARE
#0003 t=8.8 boot=2 [BOOT] event=PHASE_COMPLETE phase=TARE_WAIT result=CMD_TARE
#0003 t=8.8 boot=2 [BOOT] event=PHASE_COMPLETE phase=TARE_WAIT result=CMD_TARE
#0001 t=1.3 boot=3 [BOOT] event=START fw=1.0 reset=POWERON
#0001 t=1.3 boot=3 [BOOT] event=START fw=1.0 reset=POWERON
#0001 t=1.3 boot=3 [BOOT] event=START fw=1.0 reset=POWERON
#0001 t=1.3 boot=3 [BOOT] event=START fw=1.0 reset=POWERON
#0002 t=2.3 boot=3 [BOOT] event=PHASE_COMPLETE phase=SETTLE result=OK s=2.0
#0002 t=2.3 boot=3 [BOOT] event=PHASE_COMPLETE phase=SETTLE result=OK s=2.0
#0002 t=2.3 boot=3 [BOOT] event=PHASE_COMPLETE phase=SETTLE result=OK s=2.0
#0002 t=2.3 boot=3 [BOOT] event=PHASE_COMPLETE phase=SETTLE result=OK s=2.0
#0003 t=8.7 boot=3 [BOOT] event=PHASE_COMPLETE phase=TARE_WAIT result=CMD_TARE
#0003 t=8.7 boot=3 [BOOT] event=PHASE_COMPLETE phase=TARE_WAIT result=CMD_TARE
#0003 t=8.7 boot=3 [BOOT] event=PHASE_COMPLETE phase=TARE_WAIT result=CMD_TARE
#0003 t=8.7 boot=3 [BOOT] event=PHASE_COMPLETE phase=TARE_WAIT result=CMD_TARE
#0004 t=30.6 boot=3 [BOOT] event=TARE_CHECK result=NO_REF delta=0.0g
#0004 t=30.6 boot=3 [BOOT] event=TARE_CHECK result=NO_REF delta=0.0g
#0004 t=30.6 boot=3 [BOOT] event=TARE_CHECK result=NO_REF delta=0.0g
#0004 t=30.6 boot=3 [BOOT] event=TARE_CHECK result=NO_REF delta=0.0g
#0005 t=30.7 boot=3 [BOOT] event=PHASE_COMPLETE phase=TARE result=OK mean=-24299.7 spread=0.0 s=21.8
#0005 t=30.7 boot=3 [BOOT] event=PHASE_COMPLETE phase=TARE result=OK mean=-24299.7 spread=0.0 s=21.8
#0005 t=30.7 boot=3 [BOOT] event=PHASE_COMPLETE phase=TARE result=OK mean=-24299.7 spread=0.0 s=21.8
#0005 t=30.7 boot=3 [BOOT] event=PHASE_COMPLETE phase=TARE result=OK mean=-24299.7 spread=0.0 s=21.8
#0006 t=50.8 boot=3 [BOOT] event=PHASE_COMPLETE phase=NOISE result=WARN s=20.1
#0006 t=50.8 boot=3 [BOOT] event=PHASE_COMPLETE phase=NOISE result=WARN s=20.1
#0006 t=50.8 boot=3 [BOOT] event=PHASE_COMPLETE phase=NOISE result=WARN s=20.1
#0006 t=50.8 boot=3 [BOOT] event=PHASE_COMPLETE phase=NOISE result=WARN s=20.1
#0007 t=51.6 boot=3 [BOOT] event=PHASE_COMPLETE phase=CAL result=OK cal_factor=36.2231 s=0.0
#0007 t=51.6 boot=3 [BOOT] event=PHASE_COMPLETE phase=CAL result=OK cal_factor=36.2231 s=0.0
#0007 t=51.6 boot=3 [BOOT] event=PHASE_COMPLETE phase=CAL result=OK cal_factor=36.2231 s=0.0
#0007 t=51.6 boot=3 [BOOT] event=PHASE_COMPLETE phase=CAL result=OK cal_factor=36.2231 s=0.0
#0008 t=51.9 boot=3 [BOOT] event=BOOT_COMPLETE total_s=51.9 cal=36.2231 sigma=34.98 tare=-24299.7
#0008 t=51.9 boot=3 [BOOT] event=BOOT_COMPLETE total_s=51.9 cal=36.2231 sigma=34.98 tare=-24299.7
#0008 t=51.9 boot=3 [BOOT] event=BOOT_COMPLETE total_s=51.9 cal=36.2231 sigma=34.98 tare=-24299.7
#0008 t=51.9 boot=3 [BOOT] event=BOOT_COMPLETE total_s=51.9 cal=36.2231 sigma=34.98 tare=-24299.7
#0009 t=52.0 boot=3 [RUN] event=QUALITY_CHANGE from=NONE to=GOOD grams=0.0 sigma=34.98 diagnosis=ok
#0009 t=52.0 boot=3 [RUN] event=QUALITY_CHANGE from=NONE to=GOOD grams=0.0 sigma=34.98 diagnosis=ok
#0009 t=52.0 boot=3 [RUN] event=QUALITY_CHANGE from=NONE to=GOOD grams=0.0 sigma=34.98 diagnosis=ok
#0009 t=52.0 boot=3 [RUN] event=QUALITY_CHANGE from=NONE to=GOOD grams=0.0 sigma=34.98 diagnosis=ok
#0010 t=52.7 boot=3 [HB] event=HEARTBEAT grams=0.0 quality=GOOD sigma=34.98 uptime=52.7 heap_max_block=114676
#0010 t=52.7 boot=3 [HB] event=HEARTBEAT grams=0.0 quality=GOOD sigma=34.98 uptime=52.7 heap_max_block=114676
#0010 t=52.7 boot=3 [HB] event=HEARTBEAT grams=0.0 quality=GOOD sigma=34.98 uptime=52.7 heap_max_block=114676
#0010 t=52.7 boot=3 [HB] event=HEARTBEAT grams=0.0 quality=GOOD sigma=34.98 uptime=52.7 heap_max_block=114676
