#0010 t=76.5 boot=7 [HB] event=HEARTBEAT grams=-58.2 quality=GOOD sigma=4.10 uptime=76.5 heap_max_block=114676
#0011 t=108.4 boot=7 [HB] event=HEARTBEAT grams=-41.7 quality=GOOD sigma=4.10 uptime=108.4 heap_max_block=114676
#0012 t=138.6 boot=7 [HB] event=HEARTBEAT grams=-34.6 quality=GOOD sigma=4.10 uptime=138.6 heap_max_block=114676
#0013 t=158.0 boot=7 [RUN] event=QUALITY_CHANGE from=GOOD to=DEGRADED grams=2888.2 sigma=4.10 diagnosis=jump:501g
#0014 t=158.6 boot=7 [RUN] event=QUALITY_CHANGE from=DEGRADED to=GOOD grams=4898.6 sigma=4.10 diagnosis=ok
#0015 t=160.9 boot=7 [RUN] event=QUALITY_CHANGE from=GOOD to=DEGRADED grams=11332.0 sigma=4.10 diagnosis=jump:502g
#0016 t=162.6 boot=7 [RUN] event=QUALITY_CHANGE from=DEGRADED to=GOOD grams=15857.1 sigma=4.10 diagnosis=ok
#0017 t=163.6 boot=7 [RUN] event=WEIGHT_EVENT type=PLACED grams=16336.6 prev=15857.1 delta=16332.8
#0018 t=169.1 boot=7 [HB] event=HEARTBEAT grams=20130.3 quality=GOOD sigma=4.10 uptime=169.1 heap_max_block=114676
#0019 t=199.4 boot=7 [HB] event=HEARTBEAT grams=20110.0 quality=GOOD sigma=4.10 uptime=199.4 heap_max_block=114676
#0020 t=230.4 boot=7 [HB] event=HEARTBEAT grams=20133.0 quality=GOOD sigma=4.10 uptime=230.4 heap_max_block=114676
#0021 t=260.9 boot=7 [HB] event=HEARTBEAT grams=20132.8 quality=GOOD sigma=4.10 uptime=260.9 heap_max_block=114676
#0022 t=291.8 boot=7 [HB] event=HEARTBEAT grams=20134.0 quality=GOOD sigma=4.10 uptime=291.8 heap_max_block=114676
#0023 t=322.3 boot=7 [HB] event=HEARTBEAT grams=20138.9 quality=GOOD sigma=4.10 uptime=322.3 heap_max_block=114676
#0024 t=353.0 boot=7 [HB] event=HEARTBEAT grams=20141.0 quality=GOOD sigma=4.10 uptime=353.0 heap_max_block=114676
#0025 t=383.5 boot=7 [HB] event=HEARTBEAT grams=20146.8 quality=GOOD sigma=4.10 uptime=383.5 heap_max_block=114676
#0026 t=413.7 boot=7 [HB] event=HEARTBEAT grams=20148.6 quality=GOOD sigma=4.10 uptime=413.7 heap_max_block=114676
#0027 t=444.6 boot=7 [HB] event=HEARTBEAT grams=20153.5 quality=GOOD sigma=4.10 uptime=444.6 heap_max_block=114676
#0028 t=474.7 boot=7 [HB] event=HEARTBEAT grams=20155.0 quality=GOOD sigma=4.10 uptime=474.7 heap_max_block=114676
#0029 t=482.1 boot=7 [RUN] event=WEIGHT_EVENT type=REMOVED grams=20115.0 prev=20164.0 delta=-39.9
#0030 t=483.0 boot=7 [RUN] event=QUALITY_CHANGE from=GOOD to=DEGRADED grams=19610.4 sigma=4.10 diagnosis=jump:505g
#0031 t=487.0 boot=7 [RUN] event=QUALITY_CHANGE from=DEGRADED to=GOOD grams=-27.6 sigma=4.10 diagnosis=ok
#0032 t=505.7 boot=7 [HB] event=HEARTBEAT grams=25.5 quality=GOOD sigma=4.10 uptime=505.7 heap_max_block=114676
#0001 t=0.6 boot=8 [BOOT] event=START fw=1.0 reset=POWERON
#0002 t=2.3 boot=8 [BOOT] event=PHASE_COMPLETE phase=SETTLE result=OK s=2.0
#0003 t=14.8 boot=8 [BOOT] event=PHASE_COMPLETE phase=TARE_WAIT result=CMD_SKIP_TARE
#0004 t=15.4 boot=8 [BOOT] event=PHASE_COMPLETE phase=TARE result=OK mean=-64464.8 spread=0.0 s=0.0
#0005 t=35.9 boot=8 [BOOT] event=PHASE_COMPLETE phase=NOISE result=OK s=20.0
#0006 t=36.0 boot=8 [BOOT] event=PHASE_COMPLETE phase=CAL result=OK cal_factor=36.2231 s=0.0
#0007 t=36.9 boot=8 [BOOT] event=BOOT_COMPLETE total_s=36.9 cal=36.2231 sigma=5.86 tare=-64464.8
#0008 t=37.4 boot=8 [RUN] event=QUALITY_CHANGE from=NONE to=GOOD grams=0.0 sigma=5.86 diagnosis=ok
#0009 t=37.5 boot=8 [HB] event=HEARTBEAT grams=0.0 quality=GOOD sigma=5.86 uptime=37.5 heap_max_block=114676
