Archive member included to satisfy reference by file (symbol)

/home/arduino/ArduinoApps/test-weight-scale/.cache/sketch/core/core.a(Print.cpp.o)
                              /home/arduino/ArduinoApps/test-weight-scale/.cache/sketch/sketch/sketch.ino.cpp.o (arduino::Print::println(arduino::String const&))
/home/arduino/ArduinoApps/test-weight-scale/.cache/sketch/core/core.a(Stream.cpp.o)
                              /home/arduino/ArduinoApps/test-weight-scale/.cache/sketch/sketch/sketch.ino.cpp.o (arduino::Stream::setTimeout(unsigned long))
/home/arduino/ArduinoApps/test-weight-scale/.cache/sketch/core/core.a(String.cpp.o)
                              /home/arduino/ArduinoApps/test-weight-scale/.cache/sketch/sketch/HX711Zephyr.cpp.o (arduino::String::String(arduino::String&&))
/home/arduino/ArduinoApps/test-weight-scale/.cache/sketch/core/core.a(itoa.cpp.o)
                              /home/arduino/ArduinoApps/test-weight-scale/.cache/sketch/core/core.a(String.cpp.o) (dtostrf)
/home/arduino/ArduinoApps/test-weight-scale/.cache/sketch/core/core.a(llext_wrappers.c.o)
                              /home/arduino/ArduinoApps/test-weight-scale/.cache/sketch/sketch/HX711Zephyr.cpp.o (memcpy)
/home/arduino/ArduinoApps/test-weight-scale/.cache/sketch/core/core.a(main.cpp.o)
                              (main)
/home/arduino/ArduinoApps/test-weight-scale/.cache/sketch/core/core.a(new.cpp.o)
                              /home/arduino/ArduinoApps/test-weight-scale/.cache/sketch/sketch/HX711Zephyr.cpp.o (operator new(unsigned int))
/home/arduino/ArduinoApps/test-weight-scale/.cache/sketch/core/core.a(threads.cpp.o)
                              /home/arduino/ArduinoApps/test-weight-scale/.cache/sketch/core/core.a(main.cpp.o) (start_static_threads())
/home/arduino/ArduinoApps/test-weight-scale/.cache/sketch/core/core.a(zephyrCommon.cpp.o)
                              /home/arduino/ArduinoApps/test-weight-scale/.cache/sketch/sketch/HX711Zephyr.cpp.o (yield)
/home/arduino/ArduinoApps/test-weight-scale/.cache/sketch/core/core.a(zephyrSerial.cpp.o)
                              /home/arduino/ArduinoApps/test-weight-scale/.cache/sketch/libraries/Arduino_RouterBridge/singletons.cpp.o (Serial2)
/home/arduino/ArduinoApps/test-weight-scale/.cache/sketch/core/core.a(Common.cpp.o)
                              /home/arduino/ArduinoApps/test-weight-scale/.cache/sketch/core/core.a(zephyrCommon.cpp.o) (map(long, long, long, long, long))
/home/arduino/.arduino15/packages/zephyr/tools/arm-zephyr-eabi/0.16.8/bin/../lib/gcc/arm-zephyr-eabi/12.2.0/../../../../arm-zephyr-eabi/lib/thumb/v8-m.main+fp/hard/libstdc++_nano.a(functexcept.o)
                              /home/arduino/ArduinoApps/test-weight-scale/.cache/sketch/sketch/HX711Zephyr.cpp.o (std::__throw_bad_alloc())
/home/arduino/.arduino15/packages/zephyr/tools/arm-zephyr-eabi/0.16.8/bin/../lib/gcc/arm-zephyr-eabi/12.2.0/../../../../arm-zephyr-eabi/lib/thumb/v8-m.main+fp/hard/libstdc++_nano.a(functional.o)
                              /home/arduino/ArduinoApps/test-weight-scale/.cache/sketch/sketch/sketch.ino.cpp.o (std::__throw_bad_function_call())
/home/arduino/.arduino15/packages/zephyr/tools/arm-zephyr-eabi/0.16.8/bin/../lib/gcc/arm-zephyr-eabi/12.2.0/../../../../arm-zephyr-eabi/lib/thumb/v8-m.main+fp/hard/libstdc++_nano.a(eh_exception.o)
                              /home/arduino/.arduino15/packages/zephyr/tools/arm-zephyr-eabi/0.16.8/bin/../lib/gcc/arm-zephyr-eabi/12.2.0/../../../../arm-zephyr-eabi/lib/thumb/v8-m.main+fp/hard/libstdc++_nano.a(functional.o) (std::exception::~exception())
/home/arduino/.arduino15/packages/zephyr/tools/arm-zephyr-eabi/0.16.8/bin/../lib/gcc/arm-zephyr-eabi/12.2.0/../../../../arm-zephyr-eabi/lib/thumb/v8-m.main+fp/hard/libstdc++_nano.a(si_class_type_info.o)
                              /home/arduino/.arduino15/packages/zephyr/tools/arm-zephyr-eabi/0.16.8/bin/../lib/gcc/arm-zephyr-eabi/12.2.0/../../../../arm-zephyr-eabi/lib/thumb/v8-m.main+fp/hard/libstdc++_nano.a(functional.o) (vtable for __cxxabiv1::__si_class_type_info)
/home/arduino/.arduino15/packages/zephyr/tools/arm-zephyr-eabi/0.16.8/bin/../lib/gcc/arm-zephyr-eabi/12.2.0/../../../../arm-zephyr-eabi/lib/thumb/v8-m.main+fp/hard/libstdc++_nano.a(tinfo.o)
                              /home/arduino/.arduino15/packages/zephyr/tools/arm-zephyr-eabi/0.16.8/bin/../lib/gcc/arm-zephyr-eabi/12.2.0/../../../../arm-zephyr-eabi/lib/thumb/v8-m.main+fp/hard/libstdc++_nano.a(si_class_type_info.o) (std::type_info::__is_pointer_p() const)
/home/arduino/.arduino15/packages/zephyr/tools/arm-zephyr-eabi/0.16.8/bin/../lib/gcc/arm-zephyr-eabi/12.2.0/../../../../arm-zephyr-eabi/lib/thumb/v8-m.main+fp/hard/libstdc++_nano.a(class_type_info.o)
[...]
Memory Configuration

Name             Origin             Length             Attributes
*default*        0x0000000000000000 0xffffffffffffffff

Linker script and memory map

LOAD /home/arduino/.arduino15/packages/zephyr/tools/arm-zephyr-eabi/0.16.8/bin/../lib/gcc/arm-zephyr-eabi/12.2.0/../../../../arm-zephyr-eabi/lib/thumb/v8-m.main+fp/hard/libstdc++_nano.a
LOAD /home/arduino/.arduino15/packages/zephyr/tools/arm-zephyr-eabi/0.16.8/bin/../lib/gcc/arm-zephyr-eabi/12.2.0/../../../../arm-zephyr-eabi/lib/thumb/v8-m.main+fp/hard/libsupc++_nano.a
LOAD /home/arduino/.arduino15/packages/zephyr/tools/arm-zephyr-eabi/0.16.8/bin/../lib/gcc/arm-zephyr-eabi/12.2.0/../../../../arm-zephyr-eabi/lib/thumb/v8-m.main+fp/hard/libnosys.a
LOAD /home/arduino/ArduinoApps/test-weight-scale/.cache/sketch/sketch/HX711Zephyr.cpp.o
LOAD /home/arduino/ArduinoApps/test-weight-scale/.cache/sketch/sketch/sketch.ino.cpp.o
LOAD /home/arduino/ArduinoApps/test-weight-scale/.cache/sketch/libraries/Arduino_RouterBridge/singletons.cpp.o
LOAD /home/arduino/ArduinoApps/test-weight-scale/.cache/sketch/core/analogReference.cpp.o
START GROUP
LOAD /home/arduino/ArduinoApps/test-weight-scale/.cache/sketch/core/core.a
LOAD /home/arduino/.arduino15/packages/zephyr/tools/arm-zephyr-eabi/0.16.8/bin/../lib/gcc/arm-zephyr-eabi/12.2.0/../../../../arm-zephyr-eabi/lib/thumb/v8-m.main+fp/hard/libstdc++_nano.a
LOAD /home/arduino/.arduino15/packages/zephyr/tools/arm-zephyr-eabi/0.16.8/bin/../lib/gcc/arm-zephyr-eabi/12.2.0/../../../../arm-zephyr-eabi/lib/thumb/v8-m.main+fp/hard/libsupc++_nano.a
LOAD /home/arduino/.arduino15/packages/zephyr/tools/arm-zephyr-eabi/0.16.8/bin/../lib/gcc/arm-zephyr-eabi/12.2.0/../../../../arm-zephyr-eabi/lib/thumb/v8-m.main+fp/hard/libm_nano.a
END GROUP

.rodata         0x0000000000000000      0x2c0
 *(.rodata._ZL12arduino_pins)
 .rodata._ZL12arduino_pins
                0x0000000000000000      0x230 /home/arduino/ArduinoApps/test-weight-scale/.cache/sketch/core/core.a(zephyrCommon.cpp.o)
 *(.rodata._ZTV13BridgeMonitorILj512EE)
 .rodata._ZTV13BridgeMonitorILj512EE
                0x0000000000000230       0x24 /home/arduino/ArduinoApps/test-weight-scale/.cache/sketch/libraries/Arduino_RouterBridge/singletons.cpp.o
                0x0000000000000230                vtable for BridgeMonitor<512u>
 *(.rodata._ZTV15SerialTransport)
 .rodata._ZTV15SerialTransport
                0x0000000000000254       0x20 /home/arduino/ArduinoApps/test-weight-scale/.cache/sketch/sketch/sketch.ino.cpp.o
                0x0000000000000254                vtable for SerialTransport
 *(.rodata._ZTV18RpcFunctionWrapperISt8functionIFN7arduino6StringEvEEE)
 .rodata._ZTV18RpcFunctionWrapperISt8functionIFN7arduino6StringEvEEE
                0x0000000000000274       0x14 /home/arduino/ArduinoApps/test-weight-scale/.cache/sketch/sketch/sketch.ino.cpp.o
                0x0000000000000274                vtable for RpcFunctionWrapper<std::function<arduino::String ()> >
 *(.rodata._ZTVN7arduino12ZephyrSerialE)
 .rodata._ZTVN7arduino12ZephyrSerialE
                0x0000000000000288       0x38 /home/arduino/ArduinoApps/test-weight-scale/.cache/sketch/core/core.a(zephyrSerial.cpp.o)
                0x0000000000000288                vtable for arduino::ZephyrSerial

.llext.rodata.noreloc
                0x00000000000002c0      0x38a
 *(.rodata._Z18read_weight_packetv.str1.1)
 .rodata._Z18read_weight_packetv.str1.1
                0x00000000000002c0       0x31 /home/arduino/ArduinoApps/test-weight-scale/.cache/sketch/sketch/sketch.ino.cpp.o
 *(.rodata._ZN10RpcDecoderILj1024EE12get_responseIN7arduino7msgpack6object5nil_tEEEbjRT_R8RpcError.str1.1)
 .rodata._ZN10RpcDecoderILj1024EE12get_responseIN7arduino7msgpack6object5nil_tEEEbjRT_R8RpcError.str1.1
                0x00000000000002f1       0x7b /home/arduino/ArduinoApps/test-weight-scale/.cache/sketch/libraries/Arduino_RouterBridge/singletons.cpp.o
 *(.rodata._ZN10RpcDecoderILj1024EE12get_responseIbEEbjRT_R8RpcError.str1.1)
 .rodata._ZN10RpcDecoderILj1024EE12get_responseIbEEbjRT_R8RpcError.str1.1
                0x000000000000036c       0x7b /home/arduino/ArduinoApps/test-weight-scale/.cache/sketch/sketch/sketch.ino.cpp.o
 *(.rodata._ZN11BridgeClass11update_safeEv.str1.1)
 .rodata._ZN11BridgeClass11update_safeEv.str1.1
                0x00000000000003e7        0x9 /home/arduino/ArduinoApps/test-weight-scale/.cache/sketch/sketch/HX711Zephyr.cpp.o
 .rodata._ZN11BridgeClass11update_safeEv.str1.1
                0x00000000000003f0        0x9 /home/arduino/ArduinoApps/test-weight-scale/.cache/sketch/sketch/sketch.ino.cpp.o
 *(.rodata._ZN11BridgeClass5beginEm.str1.1)
 .rodata._ZN11BridgeClass5beginEm.str1.1
                0x00000000000003f9       0x45 /home/arduino/ArduinoApps/test-weight-scale/.cache/sketch/sketch/sketch.ino.cpp.o
 *(.rodata._ZN13BridgeMonitorILj512EE5_readEj.str1.1)
 .rodata._ZN13BridgeMonitorILj512EE5_readEj.str1.1
                0x000000000000043e        0x9 /home/arduino/ArduinoApps/test-weight-scale/.cache/sketch/libraries/Arduino_RouterBridge/singletons.cpp.o
 *(.rodata._ZN13BridgeMonitorILj512EE5writeEPKhj.str1.1)
 .rodata._ZN13BridgeMonitorILj512EE5writeEPKhj.str1.1
                0x0000000000000447       0x49 /home/arduino/ArduinoApps/test-weight-scale/.cache/sketch/libraries/Arduino_RouterBridge/singletons.cpp.o
 *(.rodata._ZN18RpcFunctionWrapperISt8functionIFN7arduino6StringEvEEEclERNS1_7msgpack8UnpackerERNS6_6PackerE.str1.1)
 .rodata._ZN18RpcFunctionWrapperISt8functionIFN7arduino6StringEvEEEclERNS1_7msgpack8UnpackerERNS6_6PackerE.str1.1
                0x0000000000000490       0x34 /home/arduino/ArduinoApps/test-weight-scale/.cache/sketch/sketch/sketch.ino.cpp.o
 *(.rodata._ZN7RpcCallIJEE6resultIbEEbRT_.part.0.str1.1)
 .rodata._ZN7RpcCallIJEE6resultIbEEbRT_.part.0.str1.1
                0x00000000000004c4       0x21 /home/arduino/ArduinoApps/test-weight-scale/.cache/sketch/sketch/sketch.ino.cpp.o
 *(.rodata._ZN7RpcCallIJEEC2ERKN7arduino6StringEP9RPCClientP7k_mutexS8_.str1.1)
 .rodata._ZN7RpcCallIJEEC2ERKN7arduino6StringEP9RPCClientP7k_mutexS8_.str1.1
                0x00000000000004e5       0x1e /home/arduino/ArduinoApps/test-weight-scale/.cache/sketch/sketch/sketch.ino.cpp.o
 *(.rodata._ZN7arduino5Print7printlnEv.str1.1)
 .rodata._ZN7arduino5Print7printlnEv.str1.1
                0x0000000000000503        0x3 /home/arduino/ArduinoApps/test-weight-scale/.cache/sketch/core/core.a(Print.cpp.o)
 *(.rodata._ZN7arduino7msgpack6object3extC2EaPKhj.str1.1)
 .rodata._ZN7arduino7msgpack6object3extC2EaPKhj.str1.1
                0x0000000000000506       0x28 /home/arduino/ArduinoApps/test-weight-scale/.cache/sketch/sketch/HX711Zephyr.cpp.o
 *(.rodata._ZN7arduino7msgpack8Unpacker11deserializeINS_6StringEJEEEbRT_DpOT0_.str1.1)
 .rodata._ZN7arduino7msgpack8Unpacker11deserializeINS_6StringEJEEEbRT_DpOT0_.str1.1
                0x000000000000052e        0x1 /home/arduino/ArduinoApps/test-weight-scale/.cache/sketch/sketch/HX711Zephyr.cpp.o
 *(.rodata._ZN8RpcErrorC2Ev.str1.1)
 .rodata._ZN8RpcErrorC2Ev.str1.1
                0x000000000000052f        0x1 /home/arduino/ArduinoApps/test-weight-scale/.cache/sketch/sketch/sketch.ino.cpp.o
 .rodata._ZN8RpcErrorC2Ev.str1.1
                0x0000000000000530        0x1 /home/arduino/ArduinoApps/test-weight-scale/.cache/sketch/libraries/Arduino_RouterBridge/singletons.cpp.o
 *(.rodata._ZNSt6vectorIjSaIjEE17_M_realloc_insertIJRjEEEvN9__gnu_cxx17__normal_iteratorIPjS1_EEDpOT_.str1.1)
 .rodata._ZNSt6vectorIjSaIjEE17_M_realloc_insertIJRjEEEvN9__gnu_cxx17__normal_iteratorIPjS1_EEDpOT_.str1.1
                0x0000000000000531       0x1a /home/arduino/ArduinoApps/test-weight-scale/.cache/sketch/sketch/HX711Zephyr.cpp.o
 .rodata._ZNSt6vectorIjSaIjEE17_M_realloc_insertIJRjEEEvN9__gnu_cxx17__normal_iteratorIPjS1_EEDpOT_.str1.1
                0x000000000000054b       0x1a /home/arduino/ArduinoApps/test-weight-scale/.cache/sketch/sketch/sketch.ino.cpp.o
 .rodata._ZNSt6vectorIjSaIjEE17_M_realloc_insertIJRjEEEvN9__gnu_cxx17__normal_iteratorIPjS1_EEDpOT_.str1.1
                0x0000000000000565       0x1a /home/arduino/ArduinoApps/test-weight-scale/.cache/sketch/libraries/Arduino_RouterBridge/singletons.cpp.o
 *(.rodata.dtostrf.str1.1)
 .rodata.dtostrf.str1.1
                0x000000000000057f        0x9 /home/arduino/ArduinoApps/test-weight-scale/.cache/sketch/core/core.a(itoa.cpp.o)
 *(.rodata.setup.str1.1)
 .rodata.setup.str1.1
                0x0000000000000588       0x71 /home/arduino/ArduinoApps/test-weight-scale/.cache/sketch/sketch/sketch.ino.cpp.o
 *(.rodata.str1.1)
 .rodata.str1.1
                0x00000000000005f9       0x51 /home/arduino/ArduinoApps/test-weight-scale/.cache/sketch/core/core.a(main.cpp.o)

.rel.rodata
 *(.rel.rodata)
 *(.rel.rodata.*)

.rela.rodata
 *(.rela.rodata)
 *(.rela.rodata.*)

/DISCARD/
 *(.ARM.attributes)
 *(.ARM.attributes.*)
 *(.ARM.exidx)
 *(.ARM.exidx.*)
 *(.ARM.extidx)
 *(.ARM.extidx.*)
 *(.ARM.extab)
 *(.ARM.extab.*)
 *(.comment)
 *(.comment.*)
 *(.llvmbc)
 *(.llvmcmd)
 *(.eh_frame)
 *stdexcept.o()
 *eh_*.o()
 *cow-stdexcept.o()
 *cow-string-inst.o()

.text           0x0000000000000000     0x6722
 *(.text)
 *(.stub)
 *(.text*)
 .text.__tcf_0  0x0000000000000000       0x10 /home/arduino/ArduinoApps/test-weight-scale/.cache/sketch/sketch/HX711Zephyr.cpp.o
 .text._ZSt14__relocate_a_1IhhENSt9enable_ifIXsrSt24__is_bitwise_relocatableIT_vE5valueEPS2_E4typeES4_S4_S4_RSaIT0_E.isra.0
                0x0000000000000010       0x20 /home/arduino/ArduinoApps/test-weight-scale/.cache/sketch/sketch/HX711Zephyr.cpp.o
 .text._ZNSt12_Vector_baseIhSaIhEE11_M_allocateEj.isra.0
                0x0000000000000030       0x20 /home/arduino/ArduinoApps/test-weight-scale/.cache/sketch/sketch/HX711Zephyr.cpp.o
 .text.k_mutex_unlock.isra.0
                0x0000000000000050        0x8 /home/arduino/ArduinoApps/test-weight-scale/.cache/sketch/sketch/HX711Zephyr.cpp.o
 .text._ZN7arduino7msgpack8Unpacker11deserializeEv
                0x0000000000000058       0x16 /home/arduino/ArduinoApps/test-weight-scale/.cache/sketch/sketch/HX711Zephyr.cpp.o
                0x0000000000000058                arduino::msgpack::Unpacker::deserialize()
 .text._ZN7arduino7msgpack8Unpacker5clearEv
                0x000000000000006e       0x14 /home/arduino/ArduinoApps/test-weight-scale/.cache/sketch/sketch/HX711Zephyr.cpp.o
                0x000000000000006e                arduino::msgpack::Unpacker::clear()
 .text._ZNK7arduino7msgpack8Unpacker13getRawBytePtrEjj
                0x0000000000000082       0x1e /home/arduino/ArduinoApps/test-weight-scale/.cache/sketch/sketch/HX711Zephyr.cpp.o
                0x0000000000000082                arduino::msgpack::Unpacker::getRawBytePtr(unsigned int, unsigned int) const
 .text._ZN11HX711ZephyrC2Ev
                0x00000000000000a0       0x20 /home/arduino/ArduinoApps/test-weight-scale/.cache/sketch/sketch/HX711Zephyr.cpp.o
                0x00000000000000a0                HX711Zephyr::HX711Zephyr()
                0x00000000000000a0                HX711Zephyr::HX711Zephyr()
 .text._ZN11HX711Zephyr5beginEii
                0x00000000000000c0       0x3c /home/arduino/ArduinoApps/test-weight-scale/.cache/sketch/sketch/HX711Zephyr.cpp.o
                0x00000000000000c0                HX711Zephyr::begin(int, int)
 .text._ZN11HX711Zephyr12setCalFactorEf
                0x00000000000000fc       0x1a /home/arduino/ArduinoApps/test-weight-scale/.cache/sketch/sketch/HX711Zephyr.cpp.o
                0x00000000000000fc                HX711Zephyr::setCalFactor(float)
 *fill*         0x0000000000000116        0x2 
 .text._ZN11HX711Zephyr7isReadyEv
                0x0000000000000118       0x1c /home/arduino/ArduinoApps/test-weight-scale/.cache/sketch/sketch/HX711Zephyr.cpp.o
                0x0000000000000118                HX711Zephyr::isReady()
 .text._ZN11HX711Zephyr11readRawOnceEv
                0x0000000000000134       0x78 /home/arduino/ArduinoApps/test-weight-scale/.cache/sketch/sketch/HX711Zephyr.cpp.o
                0x0000000000000134                HX711Zephyr::readRawOnce()
 .text._ZN11HX711Zephyr11readAverageEi
                0x00000000000001ac       0xa0 /home/arduino/ArduinoApps/test-weight-scale/.cache/sketch/sketch/HX711Zephyr.cpp.o
                0x00000000000001ac                HX711Zephyr::readAverage(int)
 .text._ZN11HX711Zephyr5startEi
                0x000000000000024c       0x2c /home/arduino/ArduinoApps/test-weight-scale/.cache/sketch/sketch/HX711Zephyr.cpp.o
                0x000000000000024c                HX711Zephyr::start(int)
 .text._ZN11HX711Zephyr6updateEv
                0x0000000000000278       0x68 /home/arduino/ArduinoApps/test-weight-scale/.cache/sketch/sketch/HX711Zephyr.cpp.o
                0x0000000000000278                HX711Zephyr::update()
 .text._ZN11HX711Zephyr8getGramsEv
                0x00000000000002e0        0x6 /home/arduino/ArduinoApps/test-weight-scale/.cache/sketch/sketch/HX711Zephyr.cpp.o
                0x00000000000002e0                HX711Zephyr::getGrams()
 .text._ZN11HX711Zephyr6getRawEv
                0x00000000000002e6        0x4 /home/arduino/ArduinoApps/test-weight-scale/.cache/sketch/sketch/HX711Zephyr.cpp.o
                0x00000000000002e6                HX711Zephyr::getRaw()
 .text._ZN11HX711Zephyr7isFreshEv
                0x00000000000002ea        0x4 /home/arduino/ArduinoApps/test-weight-scale/.cache/sketch/sketch/HX711Zephyr.cpp.o
                0x00000000000002ea                HX711Zephyr::isFresh()
 .text._ZN11HX711Zephyr8isStableEv
                0x00000000000002ee        0x4 /home/arduino/ArduinoApps/test-weight-scale/.cache/sketch/sketch/HX711Zephyr.cpp.o
                0x00000000000002ee                HX711Zephyr::isStable()
 *fill*         0x00000000000002f2        0x2 
 .text._ZNSt12_Vector_baseIhSaIhEED2Ev
                0x00000000000002f4       0x18 /home/arduino/ArduinoApps/test-weight-scale/.cache/sketch/sketch/HX711Zephyr.cpp.o
                0x00000000000002f4                std::_Vector_base<unsigned char, std::allocator<unsigned char> >::~_Vector_base()
                0x00000000000002f4                std::_Vector_base<unsigned char, std::allocator<unsigned char> >::~_Vector_base()
 .text.__tcf_2  0x000000000000030c       0x14 /home/arduino/ArduinoApps/test-weight-scale/.cache/sketch/sketch/HX711Zephyr.cpp.o
 .text.__tcf_1  0x0000000000000320       0x14 /home/arduino/ArduinoApps/test-weight-scale/.cache/sketch/sketch/HX711Zephyr.cpp.o
 .text._ZNSt6vectorIhSaIhEE14_M_move_assignEOS1_St17integral_constantIbLb1EE.isra.0
                0x0000000000000334       0x34 /home/arduino/ArduinoApps/test-weight-scale/.cache/sketch/sketch/HX711Zephyr.cpp.o
 .text._ZNK7arduino7msgpack8Unpacker11getRawBytesIhEET_jj
                0x0000000000000368       0x1e /home/arduino/ArduinoApps/test-weight-scale/.cache/sketch/sketch/HX711Zephyr.cpp.o
                0x0000000000000368                unsigned char arduino::msgpack::Unpacker::getRawBytes<unsigned char>(unsigned int, unsigned int) const
 *fill*         0x0000000000000386        0x2 
 .text._ZNK7arduino7msgpack8Unpacker7getTypeEj
                0x0000000000000388       0x58 /home/arduino/ArduinoApps/test-weight-scale/.cache/sketch/sketch/HX711Zephyr.cpp.o
                0x0000000000000388                arduino::msgpack::Unpacker::getType(unsigned int) const
 .text._ZNK7arduino7msgpack8Unpacker7getTypeEv
                0x00000000000003e0       0x10 /home/arduino/ArduinoApps/test-weight-scale/.cache/sketch/sketch/HX711Zephyr.cpp.o
                0x00000000000003e0                arduino::msgpack::Unpacker::getType() const
 .text._ZNK7arduino7msgpack8Unpacker7isArrayEv
                0x00000000000003f0       0x20 /home/arduino/ArduinoApps/test-weight-scale/.cache/sketch/sketch/HX711Zephyr.cpp.o
                0x00000000000003f0                arduino::msgpack::Unpacker::isArray() const
 .text._ZN7arduino7msgpack8Unpacker11unpackInt32Ev
                0x0000000000000410       0x58 /home/arduino/ArduinoApps/test-weight-scale/.cache/sketch/sketch/HX711Zephyr.cpp.o
                0x0000000000000410                arduino::msgpack::Unpacker::unpackInt32()
 .text._ZN7arduino7msgpack8Unpacker11unpackInt64Ev
                0x0000000000000468       0x60 /home/arduino/ArduinoApps/test-weight-scale/.cache/sketch/sketch/HX711Zephyr.cpp.o
                0x0000000000000468                arduino::msgpack::Unpacker::unpackInt64()
 .text._ZNK7arduino7msgpack8Unpacker5isMapEv
                0x00000000000004c8       0x20 /home/arduino/ArduinoApps/test-weight-scale/.cache/sketch/sketch/HX711Zephyr.cpp.o
                0x00000000000004c8                arduino::msgpack::Unpacker::isMap() const
 .text._ZNK7arduino7msgpack8Unpacker6isUIntEv
                0x00000000000004e8       0x20 /home/arduino/ArduinoApps/test-weight-scale/.cache/sketch/sketch/HX711Zephyr.cpp.o
                0x00000000000004e8                arduino::msgpack::Unpacker::isUInt() const
 .text._ZNK7arduino7msgpack8Unpacker5isIntEv
                0x0000000000000508       0x20 /home/arduino/ArduinoApps/test-weight-scale/.cache/sketch/sketch/HX711Zephyr.cpp.o
                0x0000000000000508                arduino::msgpack::Unpacker::isInt() const
 .text._ZN7arduino7msgpack8Unpacker11unpackInt16Ev
                0x0000000000000528       0x4c /home/arduino/ArduinoApps/test-weight-scale/.cache/sketch/sketch/HX711Zephyr.cpp.o
                0x0000000000000528                arduino::msgpack::Unpacker::unpackInt16()
 .text._ZN7arduino7msgpack8Unpacker13unpackFloat32Ev
                0x0000000000000574       0x60 /home/arduino/ArduinoApps/test-weight-scale/.cache/sketch/sketch/HX711Zephyr.cpp.o
                0x0000000000000574                arduino::msgpack::Unpacker::unpackFloat32()
 *fill*         0x00000000000005d4        0x4 
 .text._ZN7arduino7msgpack8Unpacker13unpackFloat64Ev
                0x00000000000005d8       0x6c /home/arduino/ArduinoApps/test-weight-scale/.cache/sketch/sketch/HX711Zephyr.cpp.o
                0x00000000000005d8                arduino::msgpack::Unpacker::unpackFloat64()
 .text._ZN7arduino7msgpack8Unpacker10unpackInt5Ev
                0x0000000000000644       0x4c /home/arduino/ArduinoApps/test-weight-scale/.cache/sketch/sketch/HX711Zephyr.cpp.o
                0x0000000000000644                arduino::msgpack::Unpacker::unpackInt5()
 .text._ZN7arduino7msgpack8Unpacker11unpackUInt7Ev
                0x0000000000000690       0x48 /home/arduino/ArduinoApps/test-weight-scale/.cache/sketch/sketch/HX711Zephyr.cpp.o
                0x0000000000000690                arduino::msgpack::Unpacker::unpackUInt7()
 .text._ZN7arduino7msgpack8Unpacker11unpackUInt8Ev
                0x00000000000006d8       0x48 /home/arduino/ArduinoApps/test-weight-scale/.cache/sketch/sketch/HX711Zephyr.cpp.o
                0x00000000000006d8                arduino::msgpack::Unpacker::unpackUInt8()
 .text._ZNK7arduino7msgpack8Unpacker11getRawBytesItEET_jj
                0x0000000000000720       0x26 /home/arduino/ArduinoApps/test-weight-scale/.cache/sketch/sketch/HX711Zephyr.cpp.o
                0x0000000000000720                unsigned short arduino::msgpack::Unpacker::getRawBytes<unsigned short>(unsigned int, unsigned int) const
 *fill*         0x0000000000000746        0x2 
 .text._ZN7arduino7msgpack8Unpacker12unpackUInt16Ev
                0x0000000000000748       0x48 /home/arduino/ArduinoApps/test-weight-scale/.cache/sketch/sketch/HX711Zephyr.cpp.o
                0x0000000000000748                arduino::msgpack::Unpacker::unpackUInt16()
 .text._ZNK7arduino7msgpack8Unpacker11getRawBytesIjEET_jj
                0x0000000000000790       0x34 /home/arduino/ArduinoApps/test-weight-scale/.cache/sketch/sketch/HX711Zephyr.cpp.o
                0x0000000000000790                unsigned int arduino::msgpack::Unpacker::getRawBytes<unsigned int>(unsigned int, unsigned int) const
 .text._ZNK7arduino7msgpack8Unpacker14getElementSizeEj
                0x00000000000007c4      0x11c /home/arduino/ArduinoApps/test-weight-scale/.cache/sketch/sketch/HX711Zephyr.cpp.o
                0x00000000000007c4                arduino::msgpack::Unpacker::getElementSize(unsigned int) const
 .text._ZN7arduino7msgpack8Unpacker15unpackArraySizeEv
                0x00000000000008e0       0x78 /home/arduino/ArduinoApps/test-weight-scale/.cache/sketch/sketch/HX711Zephyr.cpp.o
                0x00000000000008e0                arduino::msgpack::Unpacker::unpackArraySize()
 .text._ZN7arduino7msgpack8Unpacker11deserializeINS0_4type9ArraySizeEJEEEbRT_DpOT0_.isra.0
                0x0000000000000958       0x40 /home/arduino/ArduinoApps/test-weight-scale/.cache/sketch/sketch/HX711Zephyr.cpp.o
 .text._ZN7arduino7msgpack8Unpacker12unpackUInt32Ev
                0x0000000000000998       0x48 /home/arduino/ArduinoApps/test-weight-scale/.cache/sketch/sketch/HX711Zephyr.cpp.o
                0x0000000000000998                arduino::msgpack::Unpacker::unpackUInt32()
 .text._ZN7arduino7msgpack8Unpacker13unpackMapSizeEv
                0x00000000000009e0       0x78 /home/arduino/ArduinoApps/test-weight-scale/.cache/sketch/sketch/HX711Zephyr.cpp.o
                0x00000000000009e0                arduino::msgpack::Unpacker::unpackMapSize()
 .text._ZNK7arduino7msgpack8Unpacker11getRawBytesIyEET_jj
                0x0000000000000a58       0x3a /home/arduino/ArduinoApps/test-weight-scale/.cache/sketch/sketch/HX711Zephyr.cpp.o
                0x0000000000000a58                unsigned long long arduino::msgpack::Unpacker::getRawBytes<unsigned long long>(unsigned int, unsigned int) const
 *fill*         0x0000000000000a92        0x2 
 .text._ZN7arduino7msgpack8Unpacker12unpackUInt64Ev
                0x0000000000000a94       0x4c /home/arduino/ArduinoApps/test-weight-scale/.cache/sketch/sketch/HX711Zephyr.cpp.o
                0x0000000000000a94                arduino::msgpack::Unpacker::unpackUInt64()
 .text._ZNK7arduino7msgpack8Unpacker11getRawBytesIaEET_jj
                0x0000000000000ae0       0x1e /home/arduino/ArduinoApps/test-weight-scale/.cache/sketch/sketch/HX711Zephyr.cpp.o
                0x0000000000000ae0                signed char arduino::msgpack::Unpacker::getRawBytes<signed char>(unsigned int, unsigned int) const
 *fill*         0x0000000000000afe        0x2 
 .text._ZN7arduino7msgpack8Unpacker10unpackInt8Ev
                0x0000000000000b00       0x48 /home/arduino/ArduinoApps/test-weight-scale/.cache/sketch/sketch/HX711Zephyr.cpp.o
                0x0000000000000b00                arduino::msgpack::Unpacker::unpackInt8()
 .text._ZNK7arduino7msgpack8Unpacker13isTimestamp32Ev
                0x0000000000000b48       0x2c /home/arduino/ArduinoApps/test-weight-scale/.cache/sketch/sketch/HX711Zephyr.cpp.o
                0x0000000000000b48                arduino::msgpack::Unpacker::isTimestamp32() const
 .text._ZNK7arduino7msgpack8Unpacker13isTimestamp64Ev
                0x0000000000000b74       0x2c /home/arduino/ArduinoApps/test-weight-scale/.cache/sketch/sketch/HX711Zephyr.cpp.o
                0x0000000000000b74                arduino::msgpack::Unpacker::isTimestamp64() const
 .text._ZNK7arduino7msgpack8Unpacker13isTimestamp96Ev
                0x0000000000000ba0       0x40 /home/arduino/ArduinoApps/test-weight-scale/.cache/sketch/sketch/HX711Zephyr.cpp.o
                0x0000000000000ba0                arduino::msgpack::Unpacker::isTimestamp96() const
 .text._ZNK7arduino7msgpack8Unpacker11getRawBytesIcEET_jj
                0x0000000000000be0       0x1e /home/arduino/ArduinoApps/test-weight-scale/.cache/sketch/sketch/HX711Zephyr.cpp.o
                0x0000000000000be0                char arduino::msgpack::Unpacker::getRawBytes<char>(unsigned int, unsigned int) const
 *fill*         0x0000000000000bfe        0x2 
 .text._ZN7arduino7msgpack8Unpacker11deserializeINS_6StringEJEEEbRT_DpOT0_
                0x0000000000000c00      0x174 /home/arduino/ArduinoApps/test-weight-scale/.cache/sketch/sketch/HX711Zephyr.cpp.o
                0x0000000000000c00                bool arduino::msgpack::Unpacker::deserialize<arduino::String>(arduino::String&)
 .text._ZN7arduino7msgpack8Unpacker11deserializeINS0_6object8timespecEJEEEbRT_DpOT0_
                0x0000000000000d74       0xc4 /home/arduino/ArduinoApps/test-weight-scale/.cache/sketch/sketch/HX711Zephyr.cpp.o
                0x0000000000000d74                bool arduino::msgpack::Unpacker::deserialize<arduino::msgpack::object::timespec>(arduino::msgpack::object::timespec&)
 .text._ZNSt12_Vector_baseIjSaIjEED2Ev
                0x0000000000000e38       0x18 /home/arduino/ArduinoApps/test-weight-scale/.cache/sketch/sketch/HX711Zephyr.cpp.o
                0x0000000000000e38                std::_Vector_base<unsigned int, std::allocator<unsigned int> >::~_Vector_base()
                0x0000000000000e38                std::_Vector_base<unsigned int, std::allocator<unsigned int> >::~_Vector_base()
 .text._ZN10RPCRequestILj256EED2Ev
                0x0000000000000e50       0x2c /home/arduino/ArduinoApps/test-weight-scale/.cache/sketch/sketch/HX711Zephyr.cpp.o
                0x0000000000000e50                RPCRequest<256u>::~RPCRequest()
                0x0000000000000e50                RPCRequest<256u>::~RPCRequest()
 .text._ZNSt6vectorIjSaIjEE17_M_realloc_insertIJRjEEEvN9__gnu_cxx17__normal_iteratorIPjS1_EEDpOT_
                0x0000000000000e7c       0xdc /home/arduino/ArduinoApps/test-weight-scale/.cache/sketch/sketch/HX711Zephyr.cpp.o
                0x0000000000000e7c                void std::vector<unsigned int, std::allocator<unsigned int> >::_M_realloc_insert<unsigned int&>(__gnu_cxx::__normal_iterator<unsigned int*, std::vector<unsigned int, std::allocator<unsigned int> > >, unsigned int&)
 .text._ZN7arduino7msgpack8Unpacker4feedEPKhj
                0x0000000000000f58       0x78 /home/arduino/ArduinoApps/test-weight-scale/.cache/sketch/sketch/HX711Zephyr.cpp.o
                0x0000000000000f58                arduino::msgpack::Unpacker::feed(unsigned char const*, unsigned int)
 .text._ZNKSt6vectorIhSaIhEE12_M_check_lenEjPKc
                0x0000000000000fd0       0x38 /home/arduino/ArduinoApps/test-weight-scale/.cache/sketch/sketch/HX711Zephyr.cpp.o
                0x0000000000000fd0                std::vector<unsigned char, std::allocator<unsigned char> >::_M_check_len(unsigned int, char const*) const
 .text._ZNSt6vectorIhSaIhEE12emplace_backIJhEEERhDpOT_.isra.0
                0x0000000000001008       0x90 /home/arduino/ArduinoApps/test-weight-scale/.cache/sketch/sketch/HX711Zephyr.cpp.o
 .text._ZN7arduino7msgpack6Packer11packRawByteERKNS0_4TypeE.isra.0
                0x0000000000001098       0x18 /home/arduino/ArduinoApps/test-weight-scale/.cache/sketch/sketch/HX711Zephyr.cpp.o
 .text._ZNSt6vectorIhSaIhEE12emplace_backIJRKhEEERhDpOT_.isra.0
                0x00000000000010b0       0x90 /home/arduino/ArduinoApps/test-weight-scale/.cache/sketch/sketch/HX711Zephyr.cpp.o
 .text._ZN7arduino7msgpack6Packer9packUInt8Eh
                0x0000000000001140       0x2c /home/arduino/ArduinoApps/test-weight-scale/.cache/sketch/sketch/HX711Zephyr.cpp.o
                0x0000000000001140                arduino::msgpack::Packer::packUInt8(unsigned char)
 .text._ZNSt6vectorIhSaIhEE12emplace_backIJRhEEES3_DpOT_.isra.0
                0x000000000000116c       0x90 /home/arduino/ArduinoApps/test-weight-scale/.cache/sketch/sketch/HX711Zephyr.cpp.o
 .text._ZN7arduino7msgpack6Packer15packRawReversedIjEEvRKT_
                0x00000000000011fc       0x1c /home/arduino/ArduinoApps/test-weight-scale/.cache/sketch/sketch/HX711Zephyr.cpp.o
                0x00000000000011fc                void arduino::msgpack::Packer::packRawReversed<unsigned int>(unsigned int const&)
 .text._ZN7arduino7msgpack6Packer10packUInt32Ej
                0x0000000000001218       0x28 /home/arduino/ArduinoApps/test-weight-scale/.cache/sketch/sketch/HX711Zephyr.cpp.o
                0x0000000000001218                arduino::msgpack::Packer::packUInt32(unsigned int)
 .text._ZN7arduino7msgpack6Packer15packRawReversedItEEvRKT_
                0x0000000000001240       0x1c /home/arduino/ArduinoApps/test-weight-scale/.cache/sketch/sketch/HX711Zephyr.cpp.o
                0x0000000000001240                void arduino::msgpack::Packer::packRawReversed<unsigned short>(unsigned short const&)
 .text._ZN7arduino7msgpack6Packer13packArraySizeEj
                0x000000000000125c       0x58 /home/arduino/ArduinoApps/test-weight-scale/.cache/sketch/sketch/HX711Zephyr.cpp.o
                0x000000000000125c                arduino::msgpack::Packer::packArraySize(unsigned int)
 .text._ZN7arduino7msgpack6Packer10packUInt16Et
                0x00000000000012b4       0x2c /home/arduino/ArduinoApps/test-weight-scale/.cache/sketch/sketch/HX711Zephyr.cpp.o
                0x00000000000012b4                arduino::msgpack::Packer::packUInt16(unsigned short)
 .text._ZN7arduino7msgpack6Packer11packIntegerIiEENSt9enable_ifIXaaaaaasrSt13is_arithmeticIT_E5valuesrSt11is_integralIS5_E5valuentsrSt7is_sameIS5_bE5valuentsrS9_INSt9remove_cvIS5_E4typeEPcE5valueEvE4typeERKS5_.isra.0
                0x00000000000012e0       0xb8 /home/arduino/ArduinoApps/test-weight-scale/.cache/sketch/sketch/HX711Zephyr.cpp.o
 .text._ZN7arduino7msgpack6Packer12packRawBytesEPKcj
                0x0000000000001398       0x9c /home/arduino/ArduinoApps/test-weight-scale/.cache/sketch/sketch/HX711Zephyr.cpp.o
                0x0000000000001398                arduino::msgpack::Packer::packRawBytes(char const*, unsigned int)
 .text._ZN7arduino7msgpack8Unpacker9unpackIntIiEENSt9enable_ifIXaaaaaaaasrSt13is_arithmeticIT_E5valuesrSt11is_integralIS5_E5valuentsrSt7is_sameIS5_bE5valuentsrS9_INSt9remove_cvIS5_E4typeEPcE5valuesrSt9is_signedIS5_E5valueES5_E4typeEv
                0x0000000000001434       0xd0 /home/arduino/ArduinoApps/test-weight-scale/.cache/sketch/sketch/HX711Zephyr.cpp.o
                0x0000000000001434                std::enable_if<(((std::is_arithmetic<int>::value&&std::is_integral<int>::value)&&(!std::is_same<int, bool>::value))&&(!std::is_same<std::remove_cv<int>::type, char*>::value))&&std::is_signed<int>::value, int>::type arduino::msgpack::Unpacker::unpackInt<int>()
 .text._ZN7arduino7msgpack8Unpacker11deserializeIiJEEEbRT_DpOT0_
                0x0000000000001504       0x40 /home/arduino/ArduinoApps/test-weight-scale/.cache/sketch/sketch/HX711Zephyr.cpp.o
                0x0000000000001504                bool arduino::msgpack::Unpacker::deserialize<int>(int&)
 .text._ZN7arduino7msgpack8Unpacker11unpackFloatIfEENSt9enable_ifIXaasrSt13is_arithmeticIT_E5valuesrSt17is_floating_pointIS5_E5valueES5_E4typeEv
                0x0000000000001544      0x118 /home/arduino/ArduinoApps/test-weight-scale/.cache/sketch/sketch/HX711Zephyr.cpp.o
                0x0000000000001544                std::enable_if<std::is_arithmetic<float>::value&&std::is_floating_point<float>::value, float>::type arduino::msgpack::Unpacker::unpackFloat<float>()
 *fill*         0x000000000000165c        0x4 
 .text._ZN7arduino7msgpack8Unpacker11unpackFloatIdEENSt9enable_ifIXaasrSt13is_arithmeticIT_E5valuesrSt17is_floating_pointIS5_E5valueES5_E4typeEv
                0x0000000000001660      0x118 /home/arduino/ArduinoApps/test-weight-scale/.cache/sketch/sketch/HX711Zephyr.cpp.o
                0x0000000000001660                std::enable_if<std::is_arithmetic<double>::value&&std::is_floating_point<double>::value, double>::type arduino::msgpack::Unpacker::unpackFloat<double>()
 .text._ZN7arduino7msgpack8Unpacker12unpackBinaryIhEENSt9enable_ifIXoosrSt7is_sameIT_cE5valuesrS4_IS5_hE5valueESt6vectorINS3_IXoosrS7_5valuesrS6_5valueES5_E4typeESaIS5_EEE4typeEv
                0x0000000000001778      0x114 /home/arduino/ArduinoApps/test-weight-scale/.cache/sketch/sketch/HX711Zephyr.cpp.o
                0x0000000000001778                std::enable_if<std::is_same<unsigned char, char>::value||std::is_same<unsigned char, unsigned char>::value, std::vector<std::enable_if<std::is_same<unsigned char, unsigned char>::value||std::is_same<unsigned char, char>::value, unsigned char>::type, std::allocator<unsigned char> > >::type arduino::msgpack::Unpacker::unpackBinary<unsigned char>()
 .text._ZN7arduino7msgpack8Unpacker11deserializeINS0_4type9ArraySizeEJRiEEEbRT_DpOT0_
                0x000000000000188c       0x44 /home/arduino/ArduinoApps/test-weight-scale/.cache/sketch/sketch/HX711Zephyr.cpp.o
                0x000000000000188c                bool arduino::msgpack::Unpacker::deserialize<arduino::msgpack::type::ArraySize, int&>(arduino::msgpack::type::ArraySize&, int&)
 .text._ZN7arduino7msgpack8Unpacker11deserializeIjJRNS_6StringEEEEbRT_DpOT0_
                0x00000000000018d0       0xa0 /home/arduino/ArduinoApps/test-weight-scale/.cache/sketch/sketch/HX711Zephyr.cpp.o
                0x00000000000018d0                bool arduino::msgpack::Unpacker::deserialize<unsigned int, arduino::String&>(unsigned int&, arduino::String&)
 .text._ZN10RPCRequestILj256EE22unpack_request_headersEv
                0x0000000000001970       0xb8 /home/arduino/ArduinoApps/test-weight-scale/.cache/sketch/sketch/HX711Zephyr.cpp.o
                0x0000000000001970                RPCRequest<256u>::unpack_request_headers()
 .text._ZN9RPCServer15process_requestILj256EEEvR10RPCRequestIXT_EE
                0x0000000000001a28      0x1ec /home/arduino/ArduinoApps/test-weight-scale/.cache/sketch/sketch/HX711Zephyr.cpp.o
                0x0000000000001a28                void RPCServer::process_request<256u>(RPCRequest<256u>&)
 .text._ZN10RpcDecoderILj1024EE7consumeEjj
                0x0000000000001c14       0x50 /home/arduino/ArduinoApps/test-weight-scale/.cache/sketch/sketch/HX711Zephyr.cpp.o
                0x0000000000001c14                RpcDecoder<1024u>::consume(unsigned int, unsigned int)
 .text._ZN10RpcDecoderILj1024EE7discardEv
                0x0000000000001c64       0x2c /home/arduino/ArduinoApps/test-weight-scale/.cache/sketch/sketch/HX711Zephyr.cpp.o
                0x0000000000001c64                RpcDecoder<1024u>::discard()
 .text._ZN10RpcDecoderILj1024EE16fetch_rpc_methodEv
                0x0000000000001c90       0xec /home/arduino/ArduinoApps/test-weight-scale/.cache/sketch/sketch/HX711Zephyr.cpp.o
                0x0000000000001c90                RpcDecoder<1024u>::fetch_rpc_method()
 .text._ZNSt11__copy_moveILb0ELb1ESt26random_access_iterator_tagE8__copy_mIhEEPT_PKS3_S6_S4_
                0x0000000000001d7c       0x1c /home/arduino/ArduinoApps/test-weight-scale/.cache/sketch/sketch/HX711Zephyr.cpp.o
                0x0000000000001d7c                unsigned char* std::__copy_move<false, true, std::random_access_iterator_tag>::__copy_m<unsigned char>(unsigned char const*, unsigned char const*, unsigned char*)
 .text._ZNSt11__copy_moveILb1ELb1ESt26random_access_iterator_tagE8__copy_mIhEEPT_PKS3_S6_S4_
                0x0000000000001d98       0x1c /home/arduino/ArduinoApps/test-weight-scale/.cache/sketch/sketch/HX711Zephyr.cpp.o
                0x0000000000001d98                unsigned char* std::__copy_move<true, true, std::random_access_iterator_tag>::__copy_m<unsigned char>(unsigned char const*, unsigned char const*, unsigned char*)
 .text._ZN7arduino7msgpack6object3extC2EaPKhj
                0x0000000000001db4      0x104 /home/arduino/ArduinoApps/test-weight-scale/.cache/sketch/sketch/HX711Zephyr.cpp.o
                0x0000000000001db4                arduino::msgpack::object::ext::ext(signed char, unsigned char const*, unsigned int)
                0x0000000000001db4                arduino::msgpack::object::ext::ext(signed char, unsigned char const*, unsigned int)
 .text._ZN7arduino7msgpack8Unpacker9unpackExtEv
                0x0000000000001eb8      0x178 /home/arduino/ArduinoApps/test-weight-scale/.cache/sketch/sketch/HX711Zephyr.cpp.o
                0x0000000000001eb8                arduino::msgpack::Unpacker::unpackExt()
 .text._ZN8RpcUtils6detail12unpackObjectERN7arduino7msgpack8UnpackerE
                0x0000000000002030      0x318 /home/arduino/ArduinoApps/test-weight-scale/.cache/sketch/sketch/HX711Zephyr.cpp.o
                0x0000000000002030                RpcUtils::detail::unpackObject(arduino::msgpack::Unpacker&)
 .text._ZN10RpcDecoderILj1024EE12parse_packetEv
                0x0000000000002348      0x138 /home/arduino/ArduinoApps/test-weight-scale/.cache/sketch/sketch/HX711Zephyr.cpp.o
                0x0000000000002348                RpcDecoder<1024u>::parse_packet()
 .text._ZN9RPCServer7get_rpcILj256EEEbR10RPCRequestIXT_EEN7arduino6StringE
                0x0000000000002480       0xf8 /home/arduino/ArduinoApps/test-weight-scale/.cache/sketch/sketch/HX711Zephyr.cpp.o
                0x0000000000002480                bool RPCServer::get_rpc<256u>(RPCRequest<256u>&, arduino::String)
 .text._ZN11BridgeClass11update_safeEv
                0x0000000000002578      0x110 /home/arduino/ArduinoApps/test-weight-scale/.cache/sketch/sketch/HX711Zephyr.cpp.o
                0x0000000000002578                BridgeClass::update_safe()
 .text._Z10__loopHookv
                0x0000000000002688       0x44 /home/arduino/ArduinoApps/test-weight-scale/.cache/sketch/sketch/HX711Zephyr.cpp.o
                0x0000000000002688                __loopHook()
 .text._ZN8RpcUtils6detail9unpackMapERN7arduino7msgpack8UnpackerERj
                0x00000000000026cc       0x80 /home/arduino/ArduinoApps/test-weight-scale/.cache/sketch/sketch/HX711Zephyr.cpp.o
                0x00000000000026cc                RpcUtils::detail::unpackMap(arduino::msgpack::Unpacker&, unsigned int&)
 .text._GLOBAL__sub_I__ZN11HX711ZephyrC2Ev
                0x000000000000274c       0x64 /home/arduino/ArduinoApps/test-weight-scale/.cache/sketch/sketch/HX711Zephyr.cpp.o
 .text._GLOBAL__sub_D__ZN11HX711ZephyrC2Ev
                0x00000000000027b0       0x2c /home/arduino/ArduinoApps/test-weight-scale/.cache/sketch/sketch/HX711Zephyr.cpp.o
 .text._ZN15SerialTransport9availableEv
                0x00000000000027dc       0x12 /home/arduino/ArduinoApps/test-weight-scale/.cache/sketch/sketch/sketch.ino.cpp.o
                0x00000000000027dc                SerialTransport::available()
 .text._ZN15SerialTransport5writeEPKhj
                0x00000000000027ee       0x10 /home/arduino/ArduinoApps/test-weight-scale/.cache/sketch/sketch/sketch.ino.cpp.o
                0x00000000000027ee                SerialTransport::write(unsigned char const*, unsigned int)
 .text._ZN15SerialTransportD2Ev
                0x00000000000027fe        0x2 /home/arduino/ArduinoApps/test-weight-scale/.cache/sketch/sketch/sketch.ino.cpp.o
                0x00000000000027fe                SerialTransport::~SerialTransport()
                0x00000000000027fe                SerialTransport::~SerialTransport()
 .text.k_yield  0x0000000000002800        0x8 /home/arduino/ArduinoApps/test-weight-scale/.cache/sketch/sketch/sketch.ino.cpp.o
 .text.k_mutex_lock
                0x0000000000002808        0x8 /home/arduino/ArduinoApps/test-weight-scale/.cache/sketch/sketch/sketch.ino.cpp.o
 .text._ZN15SerialTransport4readEPhj
                0x0000000000002810       0x28 /home/arduino/ArduinoApps/test-weight-scale/.cache/sketch/sketch/sketch.ino.cpp.o
                0x0000000000002810                SerialTransport::read(unsigned char*, unsigned int)
 .text._ZN15SerialTransport9read_byteERh
                0x0000000000002838       0x20 /home/arduino/ArduinoApps/test-weight-scale/.cache/sketch/sketch/sketch.ino.cpp.o
                0x0000000000002838                SerialTransport::read_byte(unsigned char&)
 .text._ZN15SerialTransportD0Ev
                0x0000000000002858       0x14 /home/arduino/ArduinoApps/test-weight-scale/.cache/sketch/sketch/sketch.ino.cpp.o
                0x0000000000002858                SerialTransport::~SerialTransport()
 .text._ZNSt17_Function_handlerIFN7arduino6StringEvEPS2_E10_M_managerERSt9_Any_dataRKS5_St18_Manager_operation
                0x000000000000286c       0x30 /home/arduino/ArduinoApps/test-weight-scale/.cache/sketch/sketch/sketch.ino.cpp.o
                0x000000000000286c                std::_Function_handler<arduino::String (), arduino::String (*)()>::_M_manager(std::_Any_data&, std::_Any_data const&, std::_Manager_operation)
 .text._ZNSt17_Function_handlerIFN7arduino6StringEvEPS2_E9_M_invokeERKSt9_Any_data
                0x000000000000289c        0xc /home/arduino/ArduinoApps/test-weight-scale/.cache/sketch/sketch/sketch.ino.cpp.o
                0x000000000000289c                std::_Function_handler<arduino::String (), arduino::String (*)()>::_M_invoke(std::_Any_data const&)
 .text._ZSt14__relocate_a_1IhhENSt9enable_ifIXsrSt24__is_bitwise_relocatableIT_vE5valueEPS2_E4typeES4_S4_S4_RSaIT0_E.isra.0
                0x00000000000028a8       0x20 /home/arduino/ArduinoApps/test-weight-scale/.cache/sketch/sketch/sketch.ino.cpp.o
 .text._ZNSt12_Vector_baseIhSaIhEE11_M_allocateEj.isra.0
                0x00000000000028c8       0x20 /home/arduino/ArduinoApps/test-weight-scale/.cache/sketch/sketch/sketch.ino.cpp.o
 .text.k_mutex_unlock.isra.0
                0x00000000000028e8        0x8 /home/arduino/ArduinoApps/test-weight-scale/.cache/sketch/sketch/sketch.ino.cpp.o
 .text.k_mutex_init.isra.0
                0x00000000000028f0        0x8 /home/arduino/ArduinoApps/test-weight-scale/.cache/sketch/sketch/sketch.ino.cpp.o
 .text._Z18read_weight_packetv
                0x00000000000028f8      0x1c8 /home/arduino/ArduinoApps/test-weight-scale/.cache/sketch/sketch/sketch.ino.cpp.o
                0x00000000000028f8                read_weight_packet()
 .text.k_msleep.constprop.0.isra.0
                0x0000000000002ac0        0xc /home/arduino/ArduinoApps/test-weight-scale/.cache/sketch/sketch/sketch.ino.cpp.o
 .text._ZNSt14_Function_baseD2Ev
                0x0000000000002acc       0x12 /home/arduino/ArduinoApps/test-weight-scale/.cache/sketch/sketch/sketch.ino.cpp.o
                0x0000000000002acc                std::_Function_base::~_Function_base()
                0x0000000000002acc                std::_Function_base::~_Function_base()
 *fill*         0x0000000000002ade        0x2 
 .text._ZN18RpcFunctionWrapperISt8functionIFN7arduino6StringEvEEED2Ev
                0x0000000000002ae0       0x1c /home/arduino/ArduinoApps/test-weight-scale/.cache/sketch/sketch/sketch.ino.cpp.o
                0x0000000000002ae0                RpcFunctionWrapper<std::function<arduino::String ()> >::~RpcFunctionWrapper()
                0x0000000000002ae0                RpcFunctionWrapper<std::function<arduino::String ()> >::~RpcFunctionWrapper()
 .text._ZN18RpcFunctionWrapperISt8functionIFN7arduino6StringEvEEED0Ev
                0x0000000000002afc       0x1c /home/arduino/ArduinoApps/test-weight-scale/.cache/sketch/sketch/sketch.ino.cpp.o
                0x0000000000002afc                RpcFunctionWrapper<std::function<arduino::String ()> >::~RpcFunctionWrapper()
 .text._ZN8RpcErrorC2Ev
                0x0000000000002b18       0x2c /home/arduino/ArduinoApps/test-weight-scale/.cache/sketch/sketch/sketch.ino.cpp.o
                0x0000000000002b18                RpcError::RpcError()
                0x0000000000002b18                RpcError::RpcError()
 .text._ZN7arduino7msgpack8UnpackerC2Ev
                0x0000000000002b44       0x10 /home/arduino/ArduinoApps/test-weight-scale/.cache/sketch/sketch/sketch.ino.cpp.o
                0x0000000000002b44                arduino::msgpack::Unpacker::Unpacker()
                0x0000000000002b44                arduino::msgpack::Unpacker::Unpacker()
 .text._ZN10RPCRequestILj256EEC2Ev
                0x0000000000002b54       0x4c /home/arduino/ArduinoApps/test-weight-scale/.cache/sketch/sketch/sketch.ino.cpp.o
                0x0000000000002b54                RPCRequest<256u>::RPCRequest()
                0x0000000000002b54                RPCRequest<256u>::RPCRequest()
 .text._ZN11BridgeClass10is_startedEv
                0x0000000000002ba0       0x2c /home/arduino/ArduinoApps/test-weight-scale/.cache/sketch/sketch/sketch.ino.cpp.o
                0x0000000000002ba0                BridgeClass::is_started()
 .text.loop     0x0000000000002bcc        0x2 /home/arduino/ArduinoApps/test-weight-scale/.cache/sketch/sketch/sketch.ino.cpp.o
                0x0000000000002bcc                loop
 *fill*         0x0000000000002bce        0x2 
 .text._ZN7arduino7msgpack8Unpacker9unpackNilEv
                0x0000000000002bd0       0x3c /home/arduino/ArduinoApps/test-weight-scale/.cache/sketch/sketch/sketch.ino.cpp.o
                0x0000000000002bd0                arduino::msgpack::Unpacker::unpackNil()
 .text._ZN7arduino7msgpack8Unpacker11deserializeINS0_4type9ArraySizeEJEEEbRT_DpOT0_.isra.0
                0x0000000000002c0c       0x40 /home/arduino/ArduinoApps/test-weight-scale/.cache/sketch/sketch/sketch.ino.cpp.o
 .text._ZN7arduino7msgpack8Unpacker11deserializeINS0_6object5nil_tEJEEEbRT_DpOT0_
                0x0000000000002c4c       0x40 /home/arduino/ArduinoApps/test-weight-scale/.cache/sketch/sketch/sketch.ino.cpp.o
                0x0000000000002c4c                bool arduino::msgpack::Unpacker::deserialize<arduino::msgpack::object::nil_t>(arduino::msgpack::object::nil_t&)
 .text._ZN7arduino7msgpack8Unpacker11deserializeIbJEEEbRT_DpOT0_
                0x0000000000002c8c       0x68 /home/arduino/ArduinoApps/test-weight-scale/.cache/sketch/sketch/sketch.ino.cpp.o
                0x0000000000002c8c                bool arduino::msgpack::Unpacker::deserialize<bool>(bool&)
 .text._ZN17RpcDecoderManagerILj3EE10getDecoderER10ITransport
                0x0000000000002cf4       0x7c /home/arduino/ArduinoApps/test-weight-scale/.cache/sketch/sketch/sketch.ino.cpp.o
                0x0000000000002cf4                RpcDecoderManager<3u>::getDecoder(ITransport&)
 .text._ZN7RpcCallIJEE8setErrorEiN7arduino6StringE
                0x0000000000002d70       0x40 /home/arduino/ArduinoApps/test-weight-scale/.cache/sketch/sketch/sketch.ino.cpp.o
                0x0000000000002d70                RpcCall<>::setError(int, arduino::String)
 .text._ZN7RpcCallIJEEC2ERKN7arduino6StringEP9RPCClientP7k_mutexS8_
                0x0000000000002db0       0x7c /home/arduino/ArduinoApps/test-weight-scale/.cache/sketch/sketch/sketch.ino.cpp.o
                0x0000000000002db0                RpcCall<>::RpcCall(arduino::String const&, RPCClient*, k_mutex*, k_mutex*)
                0x0000000000002db0                RpcCall<>::RpcCall(arduino::String const&, RPCClient*, k_mutex*, k_mutex*)
 .text._ZN7RpcCallIJEE6resultIbEEbRT_.part.0
                0x0000000000002e2c       0x34 /home/arduino/ArduinoApps/test-weight-scale/.cache/sketch/sketch/sketch.ino.cpp.o
 .text._ZN7RpcCallIJEE7isErrorEv
                0x0000000000002e60       0x34 /home/arduino/ArduinoApps/test-weight-scale/.cache/sketch/sketch/sketch.ino.cpp.o
                0x0000000000002e60                RpcCall<>::isError()
 .text._ZNSt6vectorIhSaIhEE12emplace_backIJhEEERhDpOT_.isra.0
                0x0000000000002e94       0x90 /home/arduino/ArduinoApps/test-weight-scale/.cache/sketch/sketch/sketch.ino.cpp.o
 .text._ZN7arduino7msgpack6Packer11packRawByteERKNS0_4TypeE.isra.0
                0x0000000000002f24       0x18 /home/arduino/ArduinoApps/test-weight-scale/.cache/sketch/sketch/sketch.ino.cpp.o
 .text._ZNSt6vectorIhSaIhEE12emplace_backIJRKhEEERhDpOT_.isra.0
                0x0000000000002f3c       0x90 /home/arduino/ArduinoApps/test-weight-scale/.cache/sketch/sketch/sketch.ino.cpp.o
 .text._ZNSt6vectorIhSaIhEE12emplace_backIJRhEEES3_DpOT_.isra.0
                0x0000000000002fcc       0x90 /home/arduino/ArduinoApps/test-weight-scale/.cache/sketch/sketch/sketch.ino.cpp.o
 .text._ZN7arduino7msgpack6Packer11packIntegerIjEENSt9enable_ifIXaaaaaasrSt13is_arithmeticIT_E5valuesrSt11is_integralIS5_E5valuentsrSt7is_sameIS5_bE5valuentsrS9_INSt9remove_cvIS5_E4typeEPcE5valueEvE4typeERKS5_.isra.0
                0x000000000000305c       0x50 /home/arduino/ArduinoApps/test-weight-scale/.cache/sketch/sketch/sketch.ino.cpp.o
 .text._ZN7arduino7msgpack6Packer11packIntegerIiEENSt9enable_ifIXaaaaaasrSt13is_arithmeticIT_E5valuesrSt11is_integralIS5_E5valuentsrSt7is_sameIS5_bE5valuentsrS9_INSt9remove_cvIS5_E4typeEPcE5valueEvE4typeERKS5_.isra.0
                0x00000000000030ac       0xb8 /home/arduino/ArduinoApps/test-weight-scale/.cache/sketch/sketch/sketch.ino.cpp.o
 .text._ZN7arduino7msgpack6Packer4packERKNS_6StringE
                0x0000000000003164       0x7c /home/arduino/ArduinoApps/test-weight-scale/.cache/sketch/sketch/sketch.ino.cpp.o
                0x0000000000003164                arduino::msgpack::Packer::pack(arduino::String const&)
 .text._ZN7arduino7msgpack6Packer9serializeI8RpcErrorJRNS0_6object5nil_tEEEENSt9enable_ifIXoooontsrSt10is_pointerIT_E5valuesrSt7is_sameIS9_PKcE5valuesrSB_IS9_PKNS_19__FlashStringHelperEE5valueEvE4typeERKS9_DpOT0_.isra.0
                0x00000000000031e0       0x40 /home/arduino/ArduinoApps/test-weight-scale/.cache/sketch/sketch/sketch.ino.cpp.o
 .text._ZN18RpcFunctionWrapperISt8functionIFN7arduino6StringEvEEEclERNS1_7msgpack8UnpackerERNS6_6PackerE
                0x0000000000003220       0xb4 /home/arduino/ArduinoApps/test-weight-scale/.cache/sketch/sketch/sketch.ino.cpp.o
                0x0000000000003220                RpcFunctionWrapper<std::function<arduino::String ()> >::operator()(arduino::msgpack::Unpacker&, arduino::msgpack::Packer&)
 .text._ZNK10RpcDecoderILj1024EE4sendEPKhj
                0x00000000000032d4       0x22 /home/arduino/ArduinoApps/test-weight-scale/.cache/sketch/sketch/sketch.ino.cpp.o
                0x00000000000032d4                RpcDecoder<1024u>::send(unsigned char const*, unsigned int) const
 *fill*         0x00000000000032f6        0x2 
 .text._ZN9RPCClient8send_rpcIJEEEbRKN7arduino6StringERjDpOT_.isra.0
                0x00000000000032f8       0x8c /home/arduino/ArduinoApps/test-weight-scale/.cache/sketch/sketch/sketch.ino.cpp.o
 .text._ZN9RPCClient8send_rpcIJRKN7arduino6StringEEEEbS4_RjDpOT_.isra.0
                0x0000000000003384       0x90 /home/arduino/ArduinoApps/test-weight-scale/.cache/sketch/sketch/sketch.ino.cpp.o
 .text._ZN11BridgeClass6notifyIJiEEEvN7arduino6StringEDpOT_
                0x0000000000003414       0xac /home/arduino/ArduinoApps/test-weight-scale/.cache/sketch/sketch/sketch.ino.cpp.o
                0x0000000000003414                void BridgeClass::notify<int>(arduino::String, int&&)
 .text._ZNK9RPCServer13send_responseILj256EEEbRK10RPCRequestIXT_EE.isra.0
                0x00000000000034c0       0x24 /home/arduino/ArduinoApps/test-weight-scale/.cache/sketch/sketch/sketch.ino.cpp.o
 .text._ZN7RpcCallIJRKN7arduino6StringEEE8setErrorEiS1_
                0x00000000000034e4       0x40 /home/arduino/ArduinoApps/test-weight-scale/.cache/sketch/sketch/sketch.ino.cpp.o
                0x00000000000034e4                RpcCall<arduino::String const&>::setError(int, arduino::String)
 .text._ZN7RpcCallIJRKN7arduino6StringEEE7isErrorEv
                0x0000000000003524       0x34 /home/arduino/ArduinoApps/test-weight-scale/.cache/sketch/sketch/sketch.ino.cpp.o
                0x0000000000003524                RpcCall<arduino::String const&>::isError()
 .text._ZN7arduino7msgpack8Unpacker11deserializeI8RpcErrorJRNS0_6object5nil_tEEEEbRT_DpOT0_
                0x0000000000003558       0x90 /home/arduino/ArduinoApps/test-weight-scale/.cache/sketch/sketch/sketch.ino.cpp.o
                0x0000000000003558                bool arduino::msgpack::Unpacker::deserialize<RpcError, arduino::msgpack::object::nil_t&>(RpcError&, arduino::msgpack::object::nil_t&)
 .text._Z4wrapIRFN7arduino6StringEvESt8functionIS2_EEP18RpcFunctionWrapperIT0_EOT_
                0x00000000000035e8       0x6c /home/arduino/ArduinoApps/test-weight-scale/.cache/sketch/sketch/sketch.ino.cpp.o
                0x00000000000035e8                RpcFunctionWrapper<std::function<arduino::String ()> >* wrap<arduino::String (&)(), std::function<arduino::String ()> >(arduino::String (&)())
 .text._ZN7arduino7msgpack8Unpacker10unpackUIntIjEENSt9enable_ifIXaaaaaaaasrSt13is_arithmeticIT_E5valuesrSt11is_integralIS5_E5valuentsrSt7is_sameIS5_bE5valuentsrS9_INSt9remove_cvIS5_E4typeEPcE5valuentsrSt9is_signedIS5_E5valueES5_E4typeEv
                0x0000000000003654       0x80 /home/arduino/ArduinoApps/test-weight-scale/.cache/sketch/sketch/sketch.ino.cpp.o
                0x0000000000003654                std::enable_if<(((std::is_arithmetic<unsigned int>::value&&std::is_integral<unsigned int>::value)&&(!std::is_same<unsigned int, bool>::value))&&(!std::is_same<std::remove_cv<unsigned int>::type, char*>::value))&&(!std::is_signed<unsigned int>::value), unsigned int>::type arduino::msgpack::Unpacker::unpackUInt<unsigned int>()
 .text._ZN7arduino7msgpack8Unpacker11deserializeINS0_4type9ArraySizeEJRiRjEEEbRT_DpOT0_
                0x00000000000036d4       0xa0 /home/arduino/ArduinoApps/test-weight-scale/.cache/sketch/sketch/sketch.ino.cpp.o
                0x00000000000036d4                bool arduino::msgpack::Unpacker::deserialize<arduino::msgpack::type::ArraySize, int&, unsigned int&>(arduino::msgpack::type::ArraySize&, int&, unsigned int&)
 .text._ZN10RpcDecoderILj1024EE12get_responseIbEEbjRT_R8RpcError
                0x0000000000003774      0x17c /home/arduino/ArduinoApps/test-weight-scale/.cache/sketch/sketch/sketch.ino.cpp.o
                0x0000000000003774                bool RpcDecoder<1024u>::get_response<bool>(unsigned int, bool&, RpcError&)
 .text._ZN10RpcDecoderILj1024EE12get_responseIN7arduino6StringEEEbjRT_R8RpcError
                0x00000000000038f0      0x17c /home/arduino/ArduinoApps/test-weight-scale/.cache/sketch/sketch/sketch.ino.cpp.o
                0x00000000000038f0                bool RpcDecoder<1024u>::get_response<arduino::String>(unsigned int, arduino::String&, RpcError&)
 .text._ZN10RpcDecoderILj1024EE12get_responseIN7arduino7msgpack6object5nil_tEEEbjRT_R8RpcError
                0x0000000000003a6c      0x17c /home/arduino/ArduinoApps/test-weight-scale/.cache/sketch/sketch/sketch.ino.cpp.o
                0x0000000000003a6c                bool RpcDecoder<1024u>::get_response<arduino::msgpack::object::nil_t>(unsigned int, arduino::msgpack::object::nil_t&, RpcError&)
 .text._ZN10RpcDecoderILj1024EE6decodeEv
                0x0000000000003be8       0x40 /home/arduino/ArduinoApps/test-weight-scale/.cache/sketch/sketch/sketch.ino.cpp.o
                0x0000000000003be8                RpcDecoder<1024u>::decode()
 .text._ZN11BridgeClass6updateEv
                0x0000000000003c28       0xb0 /home/arduino/ArduinoApps/test-weight-scale/.cache/sketch/sketch/sketch.ino.cpp.o
                0x0000000000003c28                BridgeClass::update()
 .text._Z16updateEntryPointPvS_S_
                0x0000000000003cd8       0x28 /home/arduino/ArduinoApps/test-weight-scale/.cache/sketch/sketch/sketch.ino.cpp.o
                0x0000000000003cd8                updateEntryPoint(void*, void*, void*)
 .text._ZN9RPCClient12get_responseIbEEbjRT_R8RpcError
                0x0000000000003d00       0x40 /home/arduino/ArduinoApps/test-weight-scale/.cache/sketch/sketch/sketch.ino.cpp.o
                0x0000000000003d00                bool RPCClient::get_response<bool>(unsigned int, bool&, RpcError&)
 .text._ZN7RpcCallIJEE6resultIbEEbRT_
                0x0000000000003d40       0xf4 /home/arduino/ArduinoApps/test-weight-scale/.cache/sketch/sketch/sketch.ino.cpp.o
                0x0000000000003d40                bool RpcCall<>::result<bool>(bool&)
 .text._ZN7RpcCallIJRKN7arduino6StringEEE6resultIbEEbRT_
                0x0000000000003e34      0x118 /home/arduino/ArduinoApps/test-weight-scale/.cache/sketch/sketch/sketch.ino.cpp.o
                0x0000000000003e34                bool RpcCall<arduino::String const&>::result<bool>(bool&)
 .text._ZN9RPCClient12get_responseIN7arduino7msgpack6object5nil_tEEEbjRT_R8RpcError
                0x0000000000003f4c       0x40 /home/arduino/ArduinoApps/test-weight-scale/.cache/sketch/sketch/sketch.ino.cpp.o
                0x0000000000003f4c                bool RPCClient::get_response<arduino::msgpack::object::nil_t>(unsigned int, arduino::msgpack::object::nil_t&, RpcError&)
 .text._ZN7RpcCallIJEED2Ev
                0x0000000000003f8c       0xfc /home/arduino/ArduinoApps/test-weight-scale/.cache/sketch/sketch/sketch.ino.cpp.o
                0x0000000000003f8c                RpcCall<>::~RpcCall()
                0x0000000000003f8c                RpcCall<>::~RpcCall()
 .text._ZN11BridgeClass5beginEm
                0x0000000000004088      0x1e0 /home/arduino/ArduinoApps/test-weight-scale/.cache/sketch/sketch/sketch.ino.cpp.o
                0x0000000000004088                BridgeClass::begin(unsigned long)
 .text._ZN7RpcCallIJEE6resultIN7arduino6StringEEEbRT_
                0x0000000000004268      0x114 /home/arduino/ArduinoApps/test-weight-scale/.cache/sketch/sketch/sketch.ino.cpp.o
                0x0000000000004268                bool RpcCall<>::result<arduino::String>(arduino::String&)
 .text.setup    0x000000000000437c      0x468 /home/arduino/ArduinoApps/test-weight-scale/.cache/sketch/sketch/sketch.ino.cpp.o
                0x000000000000437c                setup
 .text._GLOBAL__sub_I_scale
                0x00000000000047e4       0x74 /home/arduino/ArduinoApps/test-weight-scale/.cache/sketch/sketch/sketch.ino.cpp.o
 .text._GLOBAL__sub_D_scale
                0x0000000000004858       0x2c /home/arduino/ArduinoApps/test-weight-scale/.cache/sketch/sketch/sketch.ino.cpp.o
 .text._ZN7arduino5Print17availableForWriteEv
                0x0000000000004884        0x4 /home/arduino/ArduinoApps/test-weight-scale/.cache/sketch/libraries/Arduino_RouterBridge/singletons.cpp.o
                0x0000000000004884                arduino::Print::availableForWrite()
 .text._ZN7arduino5Print5flushEv
                0x0000000000004888        0x2 /home/arduino/ArduinoApps/test-weight-scale/.cache/sketch/libraries/Arduino_RouterBridge/singletons.cpp.o
                0x0000000000004888                arduino::Print::flush()
 .text._ZN13BridgeMonitorILj512EE5writeEh
                0x000000000000488a       0x18 /home/arduino/ArduinoApps/test-weight-scale/.cache/sketch/libraries/Arduino_RouterBridge/singletons.cpp.o
                0x000000000000488a                BridgeMonitor<512u>::write(unsigned char)
 *fill*         0x00000000000048a2        0x2 
 .text.k_yield  0x00000000000048a4        0x8 /home/arduino/ArduinoApps/test-weight-scale/.cache/sketch/libraries/Arduino_RouterBridge/singletons.cpp.o
 .text.k_mutex_lock
                0x00000000000048ac        0x8 /home/arduino/ArduinoApps/test-weight-scale/.cache/sketch/libraries/Arduino_RouterBridge/singletons.cpp.o
 .text._ZSt14__relocate_a_1IhhENSt9enable_ifIXsrSt24__is_bitwise_relocatableIT_vE5valueEPS2_E4typeES4_S4_S4_RSaIT0_E.isra.0
                0x00000000000048b4       0x20 /home/arduino/ArduinoApps/test-weight-scale/.cache/sketch/libraries/Arduino_RouterBridge/singletons.cpp.o
 .text._ZNSt12_Vector_baseIhSaIhEE11_M_allocateEj.isra.0
                0x00000000000048d4       0x20 /home/arduino/ArduinoApps/test-weight-scale/.cache/sketch/libraries/Arduino_RouterBridge/singletons.cpp.o
 .text.k_mutex_unlock.isra.0
                0x00000000000048f4        0x8 /home/arduino/ArduinoApps/test-weight-scale/.cache/sketch/libraries/Arduino_RouterBridge/singletons.cpp.o
 .text._ZN7RpcCallIJRN7arduino6StringEEE7isErrorEv.isra.0
                0x00000000000048fc       0x28 /home/arduino/ArduinoApps/test-weight-scale/.cache/sketch/libraries/Arduino_RouterBridge/singletons.cpp.o
 .text._ZN13BridgeMonitorILj512EE4readEv
                0x0000000000004924       0x68 /home/arduino/ArduinoApps/test-weight-scale/.cache/sketch/libraries/Arduino_RouterBridge/singletons.cpp.o
                0x0000000000004924                BridgeMonitor<512u>::read()
 .text._ZN13BridgeMonitorILj512EE4peekEv
                0x000000000000498c       0x44 /home/arduino/ArduinoApps/test-weight-scale/.cache/sketch/libraries/Arduino_RouterBridge/singletons.cpp.o
                0x000000000000498c                BridgeMonitor<512u>::peek()
 .text.k_msleep.constprop.0.isra.0
                0x00000000000049d0        0xc /home/arduino/ArduinoApps/test-weight-scale/.cache/sketch/libraries/Arduino_RouterBridge/singletons.cpp.o
 .text._ZNSt6vectorIhSaIhEE14_M_move_assignEOS1_St17integral_constantIbLb1EE.isra.0
                0x00000000000049dc       0x34 /home/arduino/ArduinoApps/test-weight-scale/.cache/sketch/libraries/Arduino_RouterBridge/singletons.cpp.o
 .text._ZNSt6vectorIhSaIhEE12emplace_backIJRKhEEERhDpOT_.isra.0
                0x0000000000004a10       0x90 /home/arduino/ArduinoApps/test-weight-scale/.cache/sketch/libraries/Arduino_RouterBridge/singletons.cpp.o
 .text._ZNSt6vectorIhSaIhEE12emplace_backIJhEEERhDpOT_.isra.0
                0x0000000000004aa0       0x90 /home/arduino/ArduinoApps/test-weight-scale/.cache/sketch/libraries/Arduino_RouterBridge/singletons.cpp.o
 .text._ZN7arduino7msgpack8Unpacker11deserializeISt6vectorIhSaIhEEJEEEbRT_DpOT0_
                0x0000000000004b30      0x13c /home/arduino/ArduinoApps/test-weight-scale/.cache/sketch/libraries/Arduino_RouterBridge/singletons.cpp.o
                0x0000000000004b30                bool arduino::msgpack::Unpacker::deserialize<std::vector<unsigned char, std::allocator<unsigned char> >>(std::vector<unsigned char, std::allocator<unsigned char> >&)
 .text._ZN7arduino7msgpack6Packer11packRawByteERKNS0_4TypeE.isra.0
                0x0000000000004c6c       0x18 /home/arduino/ArduinoApps/test-weight-scale/.cache/sketch/libraries/Arduino_RouterBridge/singletons.cpp.o
 .text._ZNSt6vectorIhSaIhEE12emplace_backIJRhEEES3_DpOT_.isra.0
                0x0000000000004c84       0x90 /home/arduino/ArduinoApps/test-weight-scale/.cache/sketch/libraries/Arduino_RouterBridge/singletons.cpp.o
 .text._ZN7arduino7msgpack6Packer11packIntegerIjEENSt9enable_ifIXaaaaaasrSt13is_arithmeticIT_E5valuesrSt11is_integralIS5_E5valuentsrSt7is_sameIS5_bE5valuentsrS9_INSt9remove_cvIS5_E4typeEPcE5valueEvE4typeERKS5_.isra.0
                0x0000000000004d14       0x50 /home/arduino/ArduinoApps/test-weight-scale/.cache/sketch/libraries/Arduino_RouterBridge/singletons.cpp.o
 .text._ZN7arduino7msgpack6Packer11packIntegerIiEENSt9enable_ifIXaaaaaasrSt13is_arithmeticIT_E5valuesrSt11is_integralIS5_E5valuentsrSt7is_sameIS5_bE5valuentsrS9_INSt9remove_cvIS5_E4typeEPcE5valueEvE4typeERKS5_.isra.0
                0x0000000000004d64       0xb8 /home/arduino/ArduinoApps/test-weight-scale/.cache/sketch/libraries/Arduino_RouterBridge/singletons.cpp.o
 .text._ZN9RPCClient8send_rpcIJRKN7arduino6StringEEEEbS4_RjDpOT_.isra.0
                0x0000000000004e1c       0x90 /home/arduino/ArduinoApps/test-weight-scale/.cache/sketch/libraries/Arduino_RouterBridge/singletons.cpp.o
 .text._ZN9RPCClient8send_rpcIJRKjEEEbRKN7arduino6StringERjDpOT_.isra.0
                0x0000000000004eac       0x94 /home/arduino/ArduinoApps/test-weight-scale/.cache/sketch/libraries/Arduino_RouterBridge/singletons.cpp.o
 .text._ZN7arduino7msgpack8Unpacker11deserializeIjJEEEbRT_DpOT0_
                0x0000000000004f40       0x40 /home/arduino/ArduinoApps/test-weight-scale/.cache/sketch/libraries/Arduino_RouterBridge/singletons.cpp.o
                0x0000000000004f40                bool arduino::msgpack::Unpacker::deserialize<unsigned int>(unsigned int&)
 .text._ZN11BridgeClass6notifyIJRN7arduino6StringEEEEvS2_DpOT_
                0x0000000000004f80       0xac /home/arduino/ArduinoApps/test-weight-scale/.cache/sketch/libraries/Arduino_RouterBridge/singletons.cpp.o
                0x0000000000004f80                void BridgeClass::notify<arduino::String&>(arduino::String, arduino::String&)
 .text._ZN7RpcCallIJRN7arduino6StringEEE8setErrorEiS1_
                0x000000000000502c       0x40 /home/arduino/ArduinoApps/test-weight-scale/.cache/sketch/libraries/Arduino_RouterBridge/singletons.cpp.o
                0x000000000000502c                RpcCall<arduino::String&>::setError(int, arduino::String)
 .text._ZN10RpcDecoderILj1024EE12get_responseIjEEbjRT_R8RpcError
                0x000000000000506c      0x17c /home/arduino/ArduinoApps/test-weight-scale/.cache/sketch/libraries/Arduino_RouterBridge/singletons.cpp.o
                0x000000000000506c                bool RpcDecoder<1024u>::get_response<unsigned int>(unsigned int, unsigned int&, RpcError&)
 .text._ZN13BridgeMonitorILj512EE5writeEPKhj
                0x00000000000051e8      0x2b4 /home/arduino/ArduinoApps/test-weight-scale/.cache/sketch/libraries/Arduino_RouterBridge/singletons.cpp.o
                0x00000000000051e8                BridgeMonitor<512u>::write(unsigned char const*, unsigned int)
 .text._ZN7RpcCallIJRjEE8setErrorEiN7arduino6StringE
                0x000000000000549c       0x40 /home/arduino/ArduinoApps/test-weight-scale/.cache/sketch/libraries/Arduino_RouterBridge/singletons.cpp.o
                0x000000000000549c                RpcCall<unsigned int&>::setError(int, arduino::String)
 .text._ZN7RpcCallIJRjEE7isErrorEv
                0x00000000000054dc       0x34 /home/arduino/ArduinoApps/test-weight-scale/.cache/sketch/libraries/Arduino_RouterBridge/singletons.cpp.o
                0x00000000000054dc                RpcCall<unsigned int&>::isError()
 .text._ZN10RpcDecoderILj1024EE12get_responseISt6vectorIhSaIhEEEEbjRT_R8RpcError
                0x0000000000005510      0x17c /home/arduino/ArduinoApps/test-weight-scale/.cache/sketch/libraries/Arduino_RouterBridge/singletons.cpp.o
                0x0000000000005510                bool RpcDecoder<1024u>::get_response<std::vector<unsigned char, std::allocator<unsigned char> > >(unsigned int, std::vector<unsigned char, std::allocator<unsigned char> >&, RpcError&)
 .text._ZN7RpcCallIJRjEE6resultISt6vectorIhSaIhEEEEbRT_
                0x000000000000568c      0x134 /home/arduino/ArduinoApps/test-weight-scale/.cache/sketch/libraries/Arduino_RouterBridge/singletons.cpp.o
                0x000000000000568c                bool RpcCall<unsigned int&>::result<std::vector<unsigned char, std::allocator<unsigned char> > >(std::vector<unsigned char, std::allocator<unsigned char> >&)
 .text._ZN13BridgeMonitorILj512EE5_readEj
                0x00000000000057c0      0x1f8 /home/arduino/ArduinoApps/test-weight-scale/.cache/sketch/libraries/Arduino_RouterBridge/singletons.cpp.o
                0x00000000000057c0                BridgeMonitor<512u>::_read(unsigned int)
 .text._ZN13BridgeMonitorILj512EE9availableEv
                0x00000000000059b8       0x44 /home/arduino/ArduinoApps/test-weight-scale/.cache/sketch/libraries/Arduino_RouterBridge/singletons.cpp.o
                0x00000000000059b8                BridgeMonitor<512u>::available()
 .text._GLOBAL__sub_I_Bridge
                0x00000000000059fc       0xf0 /home/arduino/ArduinoApps/test-weight-scale/.cache/sketch/libraries/Arduino_RouterBridge/singletons.cpp.o
 .text._GLOBAL__sub_D_Bridge
                0x0000000000005aec       0x2c /home/arduino/ArduinoApps/test-weight-scale/.cache/sketch/libraries/Arduino_RouterBridge/singletons.cpp.o
 .text._ZN7arduino5Print5writeEPKc
                0x0000000000005b18       0x24 /home/arduino/ArduinoApps/test-weight-scale/.cache/sketch/core/core.a(Print.cpp.o)
                0x0000000000005b18                arduino::Print::write(char const*)
 .text._ZN7arduino5Print5printERKNS_6StringE
                0x0000000000005b3c        0xa /home/arduino/ArduinoApps/test-weight-scale/.cache/sketch/core/core.a(Print.cpp.o)
                0x0000000000005b3c                arduino::Print::print(arduino::String const&)
 *fill*         0x0000000000005b46        0x2 
 .text._ZN7arduino5Print7printlnEv
                0x0000000000005b48       0x14 /home/arduino/ArduinoApps/test-weight-scale/.cache/sketch/core/core.a(Print.cpp.o)
                0x0000000000005b48                arduino::Print::println()
 .text._ZN7arduino5Print7printlnEPKNS_19__FlashStringHelperE
                0x0000000000005b5c       0x1c /home/arduino/ArduinoApps/test-weight-scale/.cache/sketch/core/core.a(Print.cpp.o)
                0x0000000000005b5c                arduino::Print::println(arduino::__FlashStringHelper const*)
 .text._ZN7arduino5Print7printlnERKNS_6StringE
                0x0000000000005b78       0x1c /home/arduino/ArduinoApps/test-weight-scale/.cache/sketch/core/core.a(Print.cpp.o)
                0x0000000000005b78                arduino::Print::println(arduino::String const&)
 .text._ZN7arduino5Print7printlnEPKc
                0x0000000000005b94        0x8 /home/arduino/ArduinoApps/test-weight-scale/.cache/sketch/core/core.a(Print.cpp.o)
                0x0000000000005b94                arduino::Print::println(char const*)
 .text._ZN7arduino6Stream9timedReadEv
                0x0000000000005b9c       0x2c /home/arduino/ArduinoApps/test-weight-scale/.cache/sketch/core/core.a(Stream.cpp.o)
                0x0000000000005b9c                arduino::Stream::timedRead()
 .text._ZN7arduino6Stream10setTimeoutEm
                0x0000000000005bc8        0x4 /home/arduino/ArduinoApps/test-weight-scale/.cache/sketch/core/core.a(Stream.cpp.o)
                0x0000000000005bc8                arduino::Stream::setTimeout(unsigned long)
 .text._ZN7arduino6Stream9readBytesEPcj
                0x0000000000005bcc       0x2c /home/arduino/ArduinoApps/test-weight-scale/.cache/sketch/core/core.a(Stream.cpp.o)
                0x0000000000005bcc                arduino::Stream::readBytes(char*, unsigned int)
 .text._ZN7arduino6StringC2EOS0_
                0x0000000000005bf8       0x16 /home/arduino/ArduinoApps/test-weight-scale/.cache/sketch/core/core.a(String.cpp.o)
                0x0000000000005bf8                arduino::String::String(arduino::String&&)
                0x0000000000005bf8                arduino::String::String(arduino::String&&)
 *fill*         0x0000000000005c0e        0x2 
 .text._ZN7arduino6StringD2Ev
                0x0000000000005c10       0x14 /home/arduino/ArduinoApps/test-weight-scale/.cache/sketch/core/core.a(String.cpp.o)
                0x0000000000005c10                arduino::String::~String()
                0x0000000000005c10                arduino::String::~String()
 .text._ZN7arduino6String10invalidateEv
                0x0000000000005c24       0x1c /home/arduino/ArduinoApps/test-weight-scale/.cache/sketch/core/core.a(String.cpp.o)
                0x0000000000005c24                arduino::String::invalidate()
 .text._ZN7arduino6String12changeBufferEj
                0x0000000000005c40       0x1c /home/arduino/ArduinoApps/test-weight-scale/.cache/sketch/core/core.a(String.cpp.o)
                0x0000000000005c40                arduino::String::changeBuffer(unsigned int)
 .text._ZN7arduino6String7reserveEj
                0x0000000000005c5c       0x28 /home/arduino/ArduinoApps/test-weight-scale/.cache/sketch/core/core.a(String.cpp.o)
                0x0000000000005c5c                arduino::String::reserve(unsigned int)
 .text._ZN7arduino6String4copyEPKcj
                0x0000000000005c84       0x3c /home/arduino/ArduinoApps/test-weight-scale/.cache/sketch/core/core.a(String.cpp.o)
                0x0000000000005c84                arduino::String::copy(char const*, unsigned int)
 .text._ZN7arduino6StringC2EPKc
                0x0000000000005cc0       0x2c /home/arduino/ArduinoApps/test-weight-scale/.cache/sketch/core/core.a(String.cpp.o)
                0x0000000000005cc0                arduino::String::String(char const*)
                0x0000000000005cc0                arduino::String::String(char const*)
 .text._ZN7arduino6String4moveERS0_
                0x0000000000005cec       0x2c /home/arduino/ArduinoApps/test-weight-scale/.cache/sketch/core/core.a(String.cpp.o)
                0x0000000000005cec                arduino::String::move(arduino::String&)
 .text._ZN7arduino6StringaSERKS0_
                0x0000000000005d18       0x28 /home/arduino/ArduinoApps/test-weight-scale/.cache/sketch/core/core.a(String.cpp.o)
                0x0000000000005d18                arduino::String::operator=(arduino::String const&)
 .text._ZN7arduino6StringC2ERKS0_
                0x0000000000005d40       0x18 /home/arduino/ArduinoApps/test-weight-scale/.cache/sketch/core/core.a(String.cpp.o)
                0x0000000000005d40                arduino::String::String(arduino::String const&)
                0x0000000000005d40                arduino::String::String(arduino::String const&)
 .text._ZN7arduino6StringaSEOS0_
                0x0000000000005d58       0x10 /home/arduino/ArduinoApps/test-weight-scale/.cache/sketch/core/core.a(String.cpp.o)
                0x0000000000005d58                arduino::String::operator=(arduino::String&&)
 .text._ZN7arduino6StringaSEPKc
                0x0000000000005d68       0x30 /home/arduino/ArduinoApps/test-weight-scale/.cache/sketch/core/core.a(String.cpp.o)
                0x0000000000005d68                arduino::String::operator=(char const*)
 .text._ZN7arduino6StringC2Eih
                0x0000000000005d98       0x2c /home/arduino/ArduinoApps/test-weight-scale/.cache/sketch/core/core.a(String.cpp.o)
                0x0000000000005d98                arduino::String::String(int, unsigned char)
                0x0000000000005d98                arduino::String::String(int, unsigned char)
 .text._ZN7arduino6StringC2Efh
                0x0000000000005dc4       0x4c /home/arduino/ArduinoApps/test-weight-scale/.cache/sketch/core/core.a(String.cpp.o)
                0x0000000000005dc4                arduino::String::String(float, unsigned char)
                0x0000000000005dc4                arduino::String::String(float, unsigned char)
 .text._ZN7arduino6String6concatEPKcj
                0x0000000000005e10       0x40 /home/arduino/ArduinoApps/test-weight-scale/.cache/sketch/core/core.a(String.cpp.o)
                0x0000000000005e10                arduino::String::concat(char const*, unsigned int)
 .text._ZN7arduino6String6concatERKS0_
                0x0000000000005e50        0xc /home/arduino/ArduinoApps/test-weight-scale/.cache/sketch/core/core.a(String.cpp.o)
                0x0000000000005e50                arduino::String::concat(arduino::String const&)
 .text._ZN7arduino6String6concatEPKc.part.0
                0x0000000000005e5c       0x24 /home/arduino/ArduinoApps/test-weight-scale/.cache/sketch/core/core.a(String.cpp.o)
 .text._ZN7arduino6String6concatEPKc
                0x0000000000005e80       0x10 /home/arduino/ArduinoApps/test-weight-scale/.cache/sketch/core/core.a(String.cpp.o)
                0x0000000000005e80                arduino::String::concat(char const*)
 .text._ZN7arduino6String6concatEc
                0x0000000000005e90       0x1c /home/arduino/ArduinoApps/test-weight-scale/.cache/sketch/core/core.a(String.cpp.o)
                0x0000000000005e90                arduino::String::concat(char)
 .text._ZN7arduinoplERKNS_15StringSumHelperERKNS_6StringE
                0x0000000000005eac       0x20 /home/arduino/ArduinoApps/test-weight-scale/.cache/sketch/core/core.a(String.cpp.o)
                0x0000000000005eac                arduino::operator+(arduino::StringSumHelper const&, arduino::String const&)
 .text._ZN7arduinoplERKNS_15StringSumHelperEPKc
                0x0000000000005ecc       0x24 /home/arduino/ArduinoApps/test-weight-scale/.cache/sketch/core/core.a(String.cpp.o)
                0x0000000000005ecc                arduino::operator+(arduino::StringSumHelper const&, char const*)
 .text._ZNK7arduino6String9compareToERKS0_
                0x0000000000005ef0       0x30 /home/arduino/ArduinoApps/test-weight-scale/.cache/sketch/core/core.a(String.cpp.o)
                0x0000000000005ef0                arduino::String::compareTo(arduino::String const&) const
 .text._ZNK7arduino6String6equalsERKS0_
                0x0000000000005f20       0x20 /home/arduino/ArduinoApps/test-weight-scale/.cache/sketch/core/core.a(String.cpp.o)
                0x0000000000005f20                arduino::String::equals(arduino::String const&) const
 .text._ZNK7arduino6String6equalsEPKc
                0x0000000000005f40       0x28 /home/arduino/ArduinoApps/test-weight-scale/.cache/sketch/core/core.a(String.cpp.o)
                0x0000000000005f40                arduino::String::equals(char const*) const
 .text.dtostrf  0x0000000000005f68       0x30 /home/arduino/ArduinoApps/test-weight-scale/.cache/sketch/core/core.a(itoa.cpp.o)
                0x0000000000005f68                dtostrf
 .text.ltoa     0x0000000000005f98       0x80 /home/arduino/ArduinoApps/test-weight-scale/.cache/sketch/core/core.a(itoa.cpp.o)
                0x0000000000005f98                ltoa
 .text.itoa     0x0000000000006018        0x8 /home/arduino/ArduinoApps/test-weight-scale/.cache/sketch/core/core.a(itoa.cpp.o)
                0x0000000000006018                itoa
 .text.memcpy   0x0000000000006020        0x8 /home/arduino/ArduinoApps/test-weight-scale/.cache/sketch/core/core.a(llext_wrappers.c.o)
                0x0000000000006020                memcpy
 .text.memmove  0x0000000000006028        0x8 /home/arduino/ArduinoApps/test-weight-scale/.cache/sketch/core/core.a(llext_wrappers.c.o)
                0x0000000000006028                memmove
 .text.strlen   0x0000000000006030        0x8 /home/arduino/ArduinoApps/test-weight-scale/.cache/sketch/core/core.a(llext_wrappers.c.o)
                0x0000000000006030                strlen
 .text.strcmp   0x0000000000006038        0x8 /home/arduino/ArduinoApps/test-weight-scale/.cache/sketch/core/core.a(llext_wrappers.c.o)
                0x0000000000006038                strcmp
 .text.memset   0x0000000000006040        0x8 /home/arduino/ArduinoApps/test-weight-scale/.cache/sketch/core/core.a(llext_wrappers.c.o)
                0x0000000000006040                memset
 .text.malloc   0x0000000000006048        0x8 /home/arduino/ArduinoApps/test-weight-scale/.cache/sketch/core/core.a(llext_wrappers.c.o)
                0x0000000000006048                malloc
 .text.realloc  0x0000000000006050        0x8 /home/arduino/ArduinoApps/test-weight-scale/.cache/sketch/core/core.a(llext_wrappers.c.o)
                0x0000000000006050                realloc
 .text.free     0x0000000000006058        0x8 /home/arduino/ArduinoApps/test-weight-scale/.cache/sketch/core/core.a(llext_wrappers.c.o)
                0x0000000000006058                free
 .text.atexit   0x0000000000006060        0x8 /home/arduino/ArduinoApps/test-weight-scale/.cache/sketch/core/core.a(llext_wrappers.c.o)
                0x0000000000006060                atexit
 .text.abort    0x0000000000006068        0xc /home/arduino/ArduinoApps/test-weight-scale/.cache/sketch/core/core.a(llext_wrappers.c.o)
                0x0000000000006068                abort
 .text.initVariant
                0x0000000000006074        0x2 /home/arduino/ArduinoApps/test-weight-scale/.cache/sketch/core/core.a(main.cpp.o)
                0x0000000000006074                initVariant
 *fill*         0x0000000000006076        0x2 
 .text.main     0x0000000000006078       0x2c /home/arduino/ArduinoApps/test-weight-scale/.cache/sketch/core/core.a(main.cpp.o)
                0x0000000000006078                main
 .text._ZL10new_helperj
                0x00000000000060a4       0x10 /home/arduino/ArduinoApps/test-weight-scale/.cache/sketch/core/core.a(new.cpp.o)
 .text._Znwj    0x00000000000060b4        0x8 /home/arduino/ArduinoApps/test-weight-scale/.cache/sketch/core/core.a(new.cpp.o)
                0x00000000000060b4                operator new(unsigned int)
 .text._ZnwjPv  0x00000000000060bc        0x4 /home/arduino/ArduinoApps/test-weight-scale/.cache/sketch/core/core.a(new.cpp.o)
                0x00000000000060bc                operator new(unsigned int, void*)
 .text._ZdlPvj  0x00000000000060c0        0x8 /home/arduino/ArduinoApps/test-weight-scale/.cache/sketch/core/core.a(new.cpp.o)
                0x00000000000060c0                operator delete(void*, unsigned int)
 .text._Z20start_static_threadsv
                0x00000000000060c8       0x6c /home/arduino/ArduinoApps/test-weight-scale/.cache/sketch/core/core.a(threads.cpp.o)
                0x00000000000060c8                start_static_threads()
 .text.gpio_pin_get_dt
                0x0000000000006134       0x2a /home/arduino/ArduinoApps/test-weight-scale/.cache/sketch/core/core.a(zephyrCommon.cpp.o)
 .text.gpio_pin_set_dt.isra.0
                0x000000000000615e       0x28 /home/arduino/ArduinoApps/test-weight-scale/.cache/sketch/core/core.a(zephyrCommon.cpp.o)
 .text.gpio_pin_configure_dt.isra.0
                0x0000000000006186       0x2a /home/arduino/ArduinoApps/test-weight-scale/.cache/sketch/core/core.a(zephyrCommon.cpp.o)
 .text._reinit_peripheral_if_needed
                0x00000000000061b0       0x20 /home/arduino/ArduinoApps/test-weight-scale/.cache/sketch/core/core.a(zephyrCommon.cpp.o)
                0x00000000000061b0                _reinit_peripheral_if_needed
 .text.yield    0x00000000000061d0        0x8 /home/arduino/ArduinoApps/test-weight-scale/.cache/sketch/core/core.a(zephyrCommon.cpp.o)
                0x00000000000061d0                yield
 .text.pinMode  0x00000000000061d8       0x54 /home/arduino/ArduinoApps/test-weight-scale/.cache/sketch/core/core.a(zephyrCommon.cpp.o)
                0x00000000000061d8                pinMode
 .text.digitalWrite
                0x000000000000622c       0x18 /home/arduino/ArduinoApps/test-weight-scale/.cache/sketch/core/core.a(zephyrCommon.cpp.o)
                0x000000000000622c                digitalWrite
 .text.digitalRead
                0x0000000000006244       0x24 /home/arduino/ArduinoApps/test-weight-scale/.cache/sketch/core/core.a(zephyrCommon.cpp.o)
                0x0000000000006244                digitalRead
 .text.millis   0x0000000000006268       0x18 /home/arduino/ArduinoApps/test-weight-scale/.cache/sketch/core/core.a(zephyrCommon.cpp.o)
                0x0000000000006268                millis
 .text._Z10interruptsv
                0x0000000000006280       0x20 /home/arduino/ArduinoApps/test-weight-scale/.cache/sketch/core/core.a(zephyrCommon.cpp.o)
                0x0000000000006280                interrupts()
 .text._Z12noInterruptsv
                0x00000000000062a0       0x28 /home/arduino/ArduinoApps/test-weight-scale/.cache/sketch/core/core.a(zephyrCommon.cpp.o)
                0x00000000000062a0                noInterrupts()
 .text._GLOBAL__sub_I__reinit_peripheral_if_needed
                0x00000000000062c8       0x28 /home/arduino/ArduinoApps/test-weight-scale/.cache/sketch/core/core.a(zephyrCommon.cpp.o)
 .text.z_impl_uart_irq_tx_enable
                0x00000000000062f0        0xa /home/arduino/ArduinoApps/test-weight-scale/.cache/sketch/core/core.a(zephyrSerial.cpp.o)
 .text._ZN7arduino12ZephyrSerial5beginEm
                0x00000000000062fa        0xa /home/arduino/ArduinoApps/test-weight-scale/.cache/sketch/core/core.a(zephyrSerial.cpp.o)
                0x00000000000062fa                arduino::ZephyrSerial::begin(unsigned long)
 .text._ZN7arduino12ZephyrSerial3endEv
                0x0000000000006304        0xa /home/arduino/ArduinoApps/test-weight-scale/.cache/sketch/core/core.a(zephyrSerial.cpp.o)
                0x0000000000006304                arduino::ZephyrSerial::end()
 .text._ZN7arduino12ZephyrSerial5writeEh
                0x000000000000630e       0x18 /home/arduino/ArduinoApps/test-weight-scale/.cache/sketch/core/core.a(zephyrSerial.cpp.o)
                0x000000000000630e                arduino::ZephyrSerial::write(unsigned char)
 .text._ZN7arduino12ZephyrSerialcvbEv
                0x0000000000006326        0x4 /home/arduino/ArduinoApps/test-weight-scale/.cache/sketch/core/core.a(zephyrSerial.cpp.o)
                0x0000000000006326                arduino::ZephyrSerial::operator bool()
 .text._ZN7arduino12ZephyrSerial17_reinit_if_neededEv
                0x000000000000632a        0x6 /home/arduino/ArduinoApps/test-weight-scale/.cache/sketch/core/core.a(zephyrSerial.cpp.o)
                0x000000000000632a                arduino::ZephyrSerial::_reinit_if_needed()
 .text.k_sem_give
                0x0000000000006330        0x8 /home/arduino/ArduinoApps/test-weight-scale/.cache/sketch/core/core.a(zephyrSerial.cpp.o)
 .text.k_sem_take.isra.0
                0x0000000000006338        0x8 /home/arduino/ArduinoApps/test-weight-scale/.cache/sketch/core/core.a(zephyrSerial.cpp.o)
 .text._ZN7arduino12ZephyrSerial4readEv
                0x0000000000006340       0x48 /home/arduino/ArduinoApps/test-weight-scale/.cache/sketch/core/core.a(zephyrSerial.cpp.o)
                0x0000000000006340                arduino::ZephyrSerial::read()
 .text._ZN7arduino12ZephyrSerial4peekEv
                0x0000000000006388       0x48 /home/arduino/ArduinoApps/test-weight-scale/.cache/sketch/core/core.a(zephyrSerial.cpp.o)
                0x0000000000006388                arduino::ZephyrSerial::peek()
 .text._ZN7arduino12ZephyrSerial17availableForWriteEv
                0x00000000000063d0       0x34 /home/arduino/ArduinoApps/test-weight-scale/.cache/sketch/core/core.a(zephyrSerial.cpp.o)
                0x00000000000063d0                arduino::ZephyrSerial::availableForWrite()
 .text._ZN7arduino12ZephyrSerial9availableEv
                0x0000000000006404       0x34 /home/arduino/ArduinoApps/test-weight-scale/.cache/sketch/core/core.a(zephyrSerial.cpp.o)
                0x0000000000006404                arduino::ZephyrSerial::available()
 .text._ZN7arduino12ZephyrSerial5beginEmt
                0x0000000000006438       0xc0 /home/arduino/ArduinoApps/test-weight-scale/.cache/sketch/core/core.a(zephyrSerial.cpp.o)
                0x0000000000006438                arduino::ZephyrSerial::begin(unsigned long, unsigned short)
 .text._ZN7arduino12ZephyrSerial5flushEv
                0x00000000000064f8       0x2c /home/arduino/ArduinoApps/test-weight-scale/.cache/sketch/core/core.a(zephyrSerial.cpp.o)
                0x00000000000064f8                arduino::ZephyrSerial::flush()
 .text._ZN7arduino12ZephyrSerial5writeEPKhj
                0x0000000000006524       0x70 /home/arduino/ArduinoApps/test-weight-scale/.cache/sketch/core/core.a(zephyrSerial.cpp.o)
                0x0000000000006524                arduino::ZephyrSerial::write(unsigned char const*, unsigned int)
 .text._ZN7arduino12ZephyrSerial10IrqHandlerEv
                0x0000000000006594       0xec /home/arduino/ArduinoApps/test-weight-scale/.cache/sketch/core/core.a(zephyrSerial.cpp.o)
                0x0000000000006594                arduino::ZephyrSerial::IrqHandler()
 .text._ZN7arduino12ZephyrSerial11IrqDispatchEPK6devicePv
                0x0000000000006680        0xc /home/arduino/ArduinoApps/test-weight-scale/.cache/sketch/core/core.a(zephyrSerial.cpp.o)
                0x0000000000006680                arduino::ZephyrSerial::IrqDispatch(device const*, void*)
 .text._ZN7arduino12ZephyrSerial18ZephyrSerialBufferILi64EEC2Ev
                0x000000000000668c       0x28 /home/arduino/ArduinoApps/test-weight-scale/.cache/sketch/core/core.a(zephyrSerial.cpp.o)
                0x000000000000668c                arduino::ZephyrSerial::ZephyrSerialBuffer<64>::ZephyrSerialBuffer()
                0x000000000000668c                arduino::ZephyrSerial::ZephyrSerialBuffer<64>::ZephyrSerialBuffer()
 .text._GLOBAL__sub_I__ZN7arduino12ZephyrSerial5beginEmt
                0x00000000000066b4       0x5c /home/arduino/ArduinoApps/test-weight-scale/.cache/sketch/core/core.a(zephyrSerial.cpp.o)
 .text.unlikely._ZSt17__throw_bad_allocv
                0x0000000000006710        0x6 /home/arduino/.arduino15/packages/zephyr/tools/arm-zephyr-eabi/0.16.8/bin/../lib/gcc/arm-zephyr-eabi/12.2.0/../../../../arm-zephyr-eabi/lib/thumb/v8-m.main+fp/hard/libstdc++_nano.a(functexcept.o)
                0x0000000000006710                std::__throw_bad_alloc()
 .text.unlikely._ZSt20__throw_length_errorPKc
                0x0000000000006716        0x6 /home/arduino/.arduino15/packages/zephyr/tools/arm-zephyr-eabi/0.16.8/bin/../lib/gcc/arm-zephyr-eabi/12.2.0/../../../../arm-zephyr-eabi/lib/thumb/v8-m.main+fp/hard/libstdc++_nano.a(functexcept.o)
                0x0000000000006716                std::__throw_length_error(char const*)
 .text.unlikely._ZSt25__throw_bad_function_callv
                0x000000000000671c        0x6 /home/arduino/.arduino15/packages/zephyr/tools/arm-zephyr-eabi/0.16.8/bin/../lib/gcc/arm-zephyr-eabi/12.2.0/../../../../arm-zephyr-eabi/lib/thumb/v8-m.main+fp/hard/libstdc++_nano.a(functional.o)
                0x000000000000671c                std::__throw_bad_function_call()
 *(.text.*)
 *(.text._*)
 *(.init)
 *(.ctors)
 *(.dtors)
 *(.fini)

.static_thread_data_area
                0x0000000000006722        0x0
                0x0000000000006722                __static_thread_data_list_start = .
 *(.static_thread_data_area SORT_BY_NAME(.__static_thread_data.*))
                0x0000000000006722                __static_thread_data_list_end = .

.data
 *(.data .data.*)

.bss            0x0000000000006728     0x2548
 *(.bss .bss.* COMMON)
 .bss._ZGVN17RpcDecoderManagerILj3EE9decoders_E
                0x0000000000006728        0x4 /home/arduino/ArduinoApps/test-weight-scale/.cache/sketch/sketch/HX711Zephyr.cpp.o
                0x0000000000006728                guard variable for RpcDecoderManager<3u>::decoders_
 .bss._ZGVN12RouterBridge3HCIE
                0x000000000000672c        0x4 /home/arduino/ArduinoApps/test-weight-scale/.cache/sketch/sketch/HX711Zephyr.cpp.o
                0x000000000000672c                guard variable for RouterBridge::HCI
 .bss._ZN17RpcDecoderManagerILj3EE9decoders_E
                0x0000000000006730      0xc78 /home/arduino/ArduinoApps/test-weight-scale/.cache/sketch/sketch/HX711Zephyr.cpp.o
                0x0000000000006730                RpcDecoderManager<3u>::decoders_
 .bss._ZN12RouterBridge3HCIE
                0x00000000000073a8       0x28 /home/arduino/ArduinoApps/test-weight-scale/.cache/sketch/sketch/HX711Zephyr.cpp.o
                0x00000000000073a8                RouterBridge::HCI
 .bss._ZZN8RpcUtils6detail12unpackObjectERN7arduino7msgpack8UnpackerEE1t
                0x00000000000073d0       0x10 /home/arduino/ArduinoApps/test-weight-scale/.cache/sketch/sketch/HX711Zephyr.cpp.o
                0x00000000000073d0                RpcUtils::detail::unpackObject(arduino::msgpack::Unpacker&)::t
 .bss._ZGVZN8RpcUtils6detail12unpackObjectERN7arduino7msgpack8UnpackerEE1e
                0x00000000000073e0        0x4 /home/arduino/ArduinoApps/test-weight-scale/.cache/sketch/sketch/HX711Zephyr.cpp.o
                0x00000000000073e0                guard variable for RpcUtils::detail::unpackObject(arduino::msgpack::Unpacker&)::e
 .bss._ZZN8RpcUtils6detail12unpackObjectERN7arduino7msgpack8UnpackerEE1e
                0x00000000000073e4        0xc /home/arduino/ArduinoApps/test-weight-scale/.cache/sketch/sketch/HX711Zephyr.cpp.o
                0x00000000000073e4                RpcUtils::detail::unpackObject(arduino::msgpack::Unpacker&)::e
 .bss._ZZN8RpcUtils6detail12unpackObjectERN7arduino7msgpack8UnpackerEE6map_sz
                0x00000000000073f0        0x4 /home/arduino/ArduinoApps/test-weight-scale/.cache/sketch/sketch/HX711Zephyr.cpp.o
                0x00000000000073f0                RpcUtils::detail::unpackObject(arduino::msgpack::Unpacker&)::map_sz
 .bss._ZZN8RpcUtils6detail12unpackObjectERN7arduino7msgpack8UnpackerEE6arr_sz
                0x00000000000073f4        0x4 /home/arduino/ArduinoApps/test-weight-scale/.cache/sketch/sketch/HX711Zephyr.cpp.o
                0x00000000000073f4                RpcUtils::detail::unpackObject(arduino::msgpack::Unpacker&)::arr_sz
 .bss._ZGVZN8RpcUtils6detail12unpackObjectERN7arduino7msgpack8UnpackerEE5bytes
                0x00000000000073f8        0x4 /home/arduino/ArduinoApps/test-weight-scale/.cache/sketch/sketch/HX711Zephyr.cpp.o
                0x00000000000073f8                guard variable for RpcUtils::detail::unpackObject(arduino::msgpack::Unpacker&)::bytes
 .bss._ZZN8RpcUtils6detail12unpackObjectERN7arduino7msgpack8UnpackerEE5bytes
                0x00000000000073fc        0xc /home/arduino/ArduinoApps/test-weight-scale/.cache/sketch/sketch/HX711Zephyr.cpp.o
                0x00000000000073fc                RpcUtils::detail::unpackObject(arduino::msgpack::Unpacker&)::bytes
 .bss._ZGVZN8RpcUtils6detail12unpackObjectERN7arduino7msgpack8UnpackerEE6string
                0x0000000000007408        0x4 /home/arduino/ArduinoApps/test-weight-scale/.cache/sketch/sketch/HX711Zephyr.cpp.o
                0x0000000000007408                guard variable for RpcUtils::detail::unpackObject(arduino::msgpack::Unpacker&)::string
 .bss._ZZN8RpcUtils6detail12unpackObjectERN7arduino7msgpack8UnpackerEE6string
                0x000000000000740c        0xc /home/arduino/ArduinoApps/test-weight-scale/.cache/sketch/sketch/HX711Zephyr.cpp.o
                0x000000000000740c                RpcUtils::detail::unpackObject(arduino::msgpack::Unpacker&)::string
 .bss._ZZN8RpcUtils6detail12unpackObjectERN7arduino7msgpack8UnpackerEE5num64
                0x0000000000007418        0x8 /home/arduino/ArduinoApps/test-weight-scale/.cache/sketch/sketch/HX711Zephyr.cpp.o
                0x0000000000007418                RpcUtils::detail::unpackObject(arduino::msgpack::Unpacker&)::num64
 .bss._ZZN8RpcUtils6detail12unpackObjectERN7arduino7msgpack8UnpackerEE5num32
                0x0000000000007420        0x4 /home/arduino/ArduinoApps/test-weight-scale/.cache/sketch/sketch/HX711Zephyr.cpp.o
                0x0000000000007420                RpcUtils::detail::unpackObject(arduino::msgpack::Unpacker&)::num32
 .bss._ZZN8RpcUtils6detail12unpackObjectERN7arduino7msgpack8UnpackerEE7integer
                0x0000000000007424        0x4 /home/arduino/ArduinoApps/test-weight-scale/.cache/sketch/sketch/HX711Zephyr.cpp.o
                0x0000000000007424                RpcUtils::detail::unpackObject(arduino::msgpack::Unpacker&)::integer
 .bss._ZZN8RpcUtils6detail12unpackObjectERN7arduino7msgpack8UnpackerEE1b
                0x0000000000007428        0x1 /home/arduino/ArduinoApps/test-weight-scale/.cache/sketch/sketch/HX711Zephyr.cpp.o
                0x0000000000007428                RpcUtils::detail::unpackObject(arduino::msgpack::Unpacker&)::b
 .bss._ZZN8RpcUtils6detail12unpackObjectERN7arduino7msgpack8UnpackerEE3nil
                0x0000000000007429        0x1 /home/arduino/ArduinoApps/test-weight-scale/.cache/sketch/sketch/HX711Zephyr.cpp.o
                0x0000000000007429                RpcUtils::detail::unpackObject(arduino::msgpack::Unpacker&)::nil
 *fill*         0x000000000000742a        0x2 
 .bss._ZN17RpcDecoderManagerILj3EE14decoders_countE